Archive member included to satisfy reference by file (symbol)

c:/program files/microchip/xc32/v4.00/bin/bin/../../lib/gcc/pic32c/8.3.1/../../../../pic32c/lib/thumb/v7e-m+dp/hard\libpic32c.a(data_init.o)
                              build/sam_e70_xult/production/_ext/1728594169/startup_xc32.o (__pic32c_data_initialization)
c:/program files/microchip/xc32/v4.00/bin/bin/../../lib/gcc/pic32c/8.3.1/../../../../pic32c/lib/thumb/v7e-m+dp/hard\libc-musl.a(isalnum.o)
                              build/sam_e70_xult/production/_ext/902702131/dhcp.o (isalnum)
c:/program files/microchip/xc32/v4.00/bin/bin/../../lib/gcc/pic32c/8.3.1/../../../../pic32c/lib/thumb/v7e-m+dp/hard\libc-musl.a(isxdigit.o)
                              build/sam_e70_xult/production/_ext/902702131/tcpip_helpers.o (isxdigit)
c:/program files/microchip/xc32/v4.00/bin/bin/../../lib/gcc/pic32c/8.3.1/../../../../pic32c/lib/thumb/v7e-m+dp/hard\libc-musl.a(tolower.o)
                              build/sam_e70_xult/production/_ext/902702131/helpers.o (tolower)
c:/program files/microchip/xc32/v4.00/bin/bin/../../lib/gcc/pic32c/8.3.1/../../../../pic32c/lib/thumb/v7e-m+dp/hard\libc-musl.a(toupper.o)
                              build/sam_e70_xult/production/_ext/902702131/tcpip_helpers.o (toupper)
c:/program files/microchip/xc32/v4.00/bin/bin/../../lib/gcc/pic32c/8.3.1/../../../../pic32c/lib/thumb/v7e-m+dp/hard\libc-musl.a(__libc_start_main.o)
                              build/sam_e70_xult/production/_ext/1728594169/startup_xc32.o (__libc_init_array)
c:/program files/microchip/xc32/v4.00/bin/bin/../../lib/gcc/pic32c/8.3.1/../../../../pic32c/lib/thumb/v7e-m+dp/hard\libc-musl.a(libc.o)
                              c:/program files/microchip/xc32/v4.00/bin/bin/../../lib/gcc/pic32c/8.3.1/../../../../pic32c/lib/thumb/v7e-m+dp/hard\libc-musl.a(__libc_start_main.o) (__progname_full)
c:/program files/microchip/xc32/v4.00/bin/bin/../../lib/gcc/pic32c/8.3.1/../../../../pic32c/lib/thumb/v7e-m+dp/hard\libc-musl.a(calloc.o)
                              build/sam_e70_xult/production/_ext/1728594169/initialization.o (calloc)
c:/program files/microchip/xc32/v4.00/bin/bin/../../lib/gcc/pic32c/8.3.1/../../../../pic32c/lib/thumb/v7e-m+dp/hard\libc-musl.a(malloc.o)
                              build/sam_e70_xult/production/_ext/1497066986/sys_command.o (free)
c:/program files/microchip/xc32/v4.00/bin/bin/../../lib/gcc/pic32c/8.3.1/../../../../pic32c/lib/thumb/v7e-m+dp/hard\libc-musl.a(expand_heap.o)
                              c:/program files/microchip/xc32/v4.00/bin/bin/../../lib/gcc/pic32c/8.3.1/../../../../pic32c/lib/thumb/v7e-m+dp/hard\libc-musl.a(malloc.o) (__expand_heap)
c:/program files/microchip/xc32/v4.00/bin/bin/../../lib/gcc/pic32c/8.3.1/../../../../pic32c/lib/thumb/v7e-m+dp/hard\libc-musl.a(rand.o)
                              build/sam_e70_xult/production/_ext/902702131/dhcp.o (rand)
c:/program files/microchip/xc32/v4.00/bin/bin/../../lib/gcc/pic32c/8.3.1/../../../../pic32c/lib/thumb/v7e-m+dp/hard\libc-musl.a(vsnprintf.o)
                              build/sam_e70_xult/production/_ext/1497066986/sys_command.o (vsnprintf)
c:/program files/microchip/xc32/v4.00/bin/bin/../../lib/gcc/pic32c/8.3.1/../../../../pic32c/lib/thumb/v7e-m+dp/hard\libc-musl.a(snprintf.o)
                              (snprintf)
c:/program files/microchip/xc32/v4.00/bin/bin/../../lib/gcc/pic32c/8.3.1/../../../../pic32c/lib/thumb/v7e-m+dp/hard\libc-musl.a(sprintf.o)
                              (sprintf)
c:/program files/microchip/xc32/v4.00/bin/bin/../../lib/gcc/pic32c/8.3.1/../../../../pic32c/lib/thumb/v7e-m+dp/hard\libc-musl.a(vsprintf.o)
                              c:/program files/microchip/xc32/v4.00/bin/bin/../../lib/gcc/pic32c/8.3.1/../../../../pic32c/lib/thumb/v7e-m+dp/hard\libc-musl.a(sprintf.o) (vsprintf)
c:/program files/microchip/xc32/v4.00/bin/bin/../../lib/gcc/pic32c/8.3.1/../../../../pic32c/lib/thumb/v7e-m+dp/hard\libc-musl.a(atoi.o)
                              build/sam_e70_xult/production/_ext/902702131/tcpip_commands.o (atoi)
c:/program files/microchip/xc32/v4.00/bin/bin/../../lib/gcc/pic32c/8.3.1/../../../../pic32c/lib/thumb/v7e-m+dp/hard\libc-musl.a(strtol.o)
                              build/sam_e70_xult/production/_ext/902702131/tcpip_helpers.o (strtol)
c:/program files/microchip/xc32/v4.00/bin/bin/../../lib/gcc/pic32c/8.3.1/../../../../pic32c/lib/thumb/v7e-m+dp/hard\libc-musl.a(memcmp.o)
                              build/sam_e70_xult/production/_ext/629088514/drv_gmac.o (memcmp)
c:/program files/microchip/xc32/v4.00/bin/bin/../../lib/gcc/pic32c/8.3.1/../../../../pic32c/lib/thumb/v7e-m+dp/hard\libc-musl.a(memcpy.o)
                              build/sam_e70_xult/production/_ext/629088514/drv_gmac.o (memcpy)
c:/program files/microchip/xc32/v4.00/bin/bin/../../lib/gcc/pic32c/8.3.1/../../../../pic32c/lib/thumb/v7e-m+dp/hard\libc-musl.a(memset.o)
                              build/sam_e70_xult/production/_ext/1015456894/drv_ethphy.o (memset)
[...]
Memory Configuration

Name             Origin             Length             Attributes
rom              0x00400000         0x00200000         xrl
ram              0x20400000         0x00060000         xw !r
itcm             0x00000000         0x00000000         xw
dtcm             0x20000000         0x00000000         xw !r
*default*        0x00000000         0xffffffff

Linker script and memory map

LOAD c:/program files/microchip/xc32/v4.00/bin/bin/../../lib/gcc/pic32c/8.3.1/thumb/v7e-m+dp/hard/crti.o
LOAD c:/program files/microchip/xc32/v4.00/bin/bin/../../lib/gcc/pic32c/8.3.1/thumb/v7e-m+dp/hard/crtbegin.o
LOAD build/sam_e70_xult/production/_ext/917764137/bsp.o
LOAD build/sam_e70_xult/production/_ext/1015456894/drv_ethphy.o
LOAD build/sam_e70_xult/production/_ext/1015456894/drv_extphy_ksz8061.o
LOAD build/sam_e70_xult/production/_ext/629088514/drv_gmac.o
LOAD build/sam_e70_xult/production/_ext/629088514/drv_gmac_lib_samE7x_V7x.o
LOAD build/sam_e70_xult/production/_ext/478869302/drv_miim.o
LOAD build/sam_e70_xult/production/_ext/902702131/helpers.o
LOAD build/sam_e70_xult/production/_ext/902702131/icmp.o
LOAD build/sam_e70_xult/production/_ext/902702131/arp.o
LOAD build/sam_e70_xult/production/_ext/902702131/tcpip_commands.o
LOAD build/sam_e70_xult/production/_ext/902702131/ipv4.o
LOAD build/sam_e70_xult/production/_ext/902702131/tcpip_heap_alloc.o
LOAD build/sam_e70_xult/production/_ext/902702131/tcpip_heap_internal.o
LOAD build/sam_e70_xult/production/_ext/902702131/dhcp.o
LOAD build/sam_e70_xult/production/_ext/902702131/dns.o
LOAD build/sam_e70_xult/production/_ext/902702131/hash_fnv.o
LOAD build/sam_e70_xult/production/_ext/902702131/oahash.o
LOAD build/sam_e70_xult/production/_ext/902702131/tcpip_helpers.o
LOAD build/sam_e70_xult/production/_ext/902702131/tcpip_manager.o
LOAD build/sam_e70_xult/production/_ext/902702131/tcpip_notify.o
LOAD build/sam_e70_xult/production/_ext/902702131/tcpip_packet.o
LOAD build/sam_e70_xult/production/_ext/902702131/udp.o
LOAD build/sam_e70_xult/production/_ext/1639147296/plib_afec1.o
LOAD build/sam_e70_xult/production/_ext/1055500827/plib_clk.o
LOAD build/sam_e70_xult/production/_ext/1055499099/plib_efc.o
LOAD build/sam_e70_xult/production/_ext/1055491083/plib_mpu.o
LOAD build/sam_e70_xult/production/_ext/1639550079/plib_nvic.o
LOAD build/sam_e70_xult/production/_ext/1055488423/plib_pio.o
LOAD build/sam_e70_xult/production/_ext/865331892/plib_tc0.o
LOAD build/sam_e70_xult/production/_ext/707186936/plib_usart1.o
LOAD build/sam_e70_xult/production/_ext/1518761459/xc32_monitor.o
LOAD build/sam_e70_xult/production/_ext/876653320/sys_cache.o
LOAD build/sam_e70_xult/production/_ext/1497066986/sys_command.o
LOAD build/sam_e70_xult/production/_ext/1953779166/sys_console_uart.o
LOAD build/sam_e70_xult/production/_ext/1953779166/sys_console.o
LOAD build/sam_e70_xult/production/_ext/1763620194/sys_debug.o
LOAD build/sam_e70_xult/production/_ext/766002106/sys_int.o
LOAD build/sam_e70_xult/production/_ext/862666043/sys_reset.o
LOAD build/sam_e70_xult/production/_ext/327803284/sys_time.o
LOAD build/sam_e70_xult/production/_ext/157960187/sys_time_h2_adapter.o
LOAD build/sam_e70_xult/production/_ext/1728594169/tasks.o
LOAD build/sam_e70_xult/production/_ext/1728594169/initialization.o
LOAD build/sam_e70_xult/production/_ext/1728594169/interrupts.o
LOAD build/sam_e70_xult/production/_ext/1728594169/exceptions.o
LOAD build/sam_e70_xult/production/_ext/1728594169/startup_xc32.o
LOAD build/sam_e70_xult/production/_ext/1728594169/libc_syscalls.o
LOAD build/sam_e70_xult/production/_ext/1360937237/app.o
LOAD build/sam_e70_xult/production/_ext/1360937237/main.o
                0x00000001                __MPLAB_BUILD = 0x1
                0x00600000                __rom_end = (ORIGIN (rom) + LENGTH (rom))
                0x20460000                __ram_end = (ORIGIN (ram) + LENGTH (ram))

.vectors        0x00400000      0x168
                0x00400000                . = ALIGN (0x4)
                0x00400000                _sfixed = .
 *(.vectors .vectors.* .vectors_default .vectors_default.*)
 .vectors.exception_table
                0x00400000      0x168 build/sam_e70_xult/production/_ext/1728594169/interrupts.o
                0x00400000                exception_table
 *(.isr_vector)
 *(.reset*)
 *(.after_vectors)

.text           0x00400168       0x20
                0x00400168                . = ALIGN (0x4)
 *(.glue_7t)
 .glue_7t       0x00400168        0x0 linker stubs
 *(.glue_7)
 .glue_7        0x00400168        0x0 linker stubs
 *(.gnu.linkonce.r.*)
 *(.ARM.extab* .gnu.linkonce.armextab.*)
                0x00400168                . = ALIGN (0x4)
 *(.init)
 .init          0x00400168        0x4 c:/program files/microchip/xc32/v4.00/bin/bin/../../lib/gcc/pic32c/8.3.1/thumb/v7e-m+dp/hard/crti.o
                0x00400168                _init
 .init          0x0040016c        0x8 c:/program files/microchip/xc32/v4.00/bin/bin/../../lib/gcc/pic32c/8.3.1/thumb/v7e-m+dp/hard/crtn.o
                0x00400174                . = ALIGN (0x4)
                0x00400174                __preinit_array_start = .
 *(.preinit_array)
                0x00400174                __preinit_array_end = .
                0x00400174                . = ALIGN (0x4)
                0x00400174                __init_array_start = .
 *(SORT_BY_NAME(.init_array.*))
 *(.init_array)
 .init_array    0x00400174        0x4 c:/program files/microchip/xc32/v4.00/bin/bin/../../lib/gcc/pic32c/8.3.1/thumb/v7e-m+dp/hard/crtbegin.o
                0x00400178                __init_array_end = .
                0x00400178                . = ALIGN (0x4)
 *crtbegin.o(.ctors)
 *(EXCLUDE_FILE(*crtend.o) .ctors)
 *(SORT_BY_NAME(.ctors.*))
 *crtend.o(.ctors)
                0x00400178                . = ALIGN (0x4)
 *(.fini)
 .fini          0x00400178        0x4 c:/program files/microchip/xc32/v4.00/bin/bin/../../lib/gcc/pic32c/8.3.1/thumb/v7e-m+dp/hard/crti.o
                0x00400178                _fini
 .fini          0x0040017c        0x8 c:/program files/microchip/xc32/v4.00/bin/bin/../../lib/gcc/pic32c/8.3.1/thumb/v7e-m+dp/hard/crtn.o
                0x00400184                . = ALIGN (0x4)
                0x00400184                __fini_array_start = .
 *(.fini_array)
 .fini_array    0x00400184        0x4 c:/program files/microchip/xc32/v4.00/bin/bin/../../lib/gcc/pic32c/8.3.1/thumb/v7e-m+dp/hard/crtbegin.o
 *(SORT_BY_NAME(.fini_array.*))
                0x00400188                __fini_array_end = .
 *crtbegin.o(.dtors)
 *(EXCLUDE_FILE(*crtend.o) .dtors)
 *(SORT_BY_NAME(.dtors.*))
 *crtend.o(.dtors)
                0x00400188                . = ALIGN (0x4)
                0x00400188                _efixed = .
                [!provide]                PROVIDE (__exidx_start = .)

.ARM.exidx      0x00400188        0x8
 *(.ARM.exidx* .gnu.linkonce.armexidx.*)
 .ARM.exidx     0x00400188        0x8 c:/program files/microchip/xc32/v4.00/bin/bin/../../lib/gcc/pic32c/8.3.1/thumb/v7e-m+dp/hard\libgcc.a(_udivmoddi4.o)
                [!provide]                PROVIDE (__exidx_end = .)
                0x00400190                . = ALIGN (0x4)
                0x00400190                _etext = .

.bss            0x20400000        0x0
                0x20400000                . = ALIGN (0x4)
                0x20400000                __bss_start__ = .
                0x20400000                _sbss = .
                0x20400000                _szero = .
 *(COMMON)
                0x20400000                . = ALIGN (0x4)
                0x20400000                __bss_end__ = .
                0x20400000                _ebss = .
                0x20400000                _ezero = .
                0x20400000                . = ALIGN (0x4)
                0x20400000                _end = .
                0x2045ffff                _ram_end_ = ((ORIGIN (ram) + LENGTH (ram)) - 0x1)
                0x0000afa0                _min_heap_size = 0xafa0
START GROUP
LOAD c:/program files/microchip/xc32/v4.00/bin/bin/../../lib/gcc/pic32c/8.3.1/../../../../pic32c/lib/thumb/v7e-m+dp/hard\libpic32c.a
LOAD c:/program files/microchip/xc32/v4.00/bin/bin/../../lib/gcc/pic32c/8.3.1/../../../../pic32c/lib/thumb/v7e-m+dp/hard\libm-emfloat.a
LOAD c:/program files/microchip/xc32/v4.00/bin/bin/../../lib/gcc/pic32c/8.3.1/../../../../pic32c/lib/thumb/v7e-m+dp/hard\libc-musl.a
LOAD c:/program files/microchip/xc32/v4.00/bin/bin/../../lib/gcc/pic32c/8.3.1/../../../../pic32c/lib/thumb/v7e-m+dp/hard\libm-emfloat.a
LOAD c:/program files/microchip/xc32/v4.00/bin/bin/../../lib/gcc/pic32c/8.3.1/thumb/v7e-m+dp/hard\libgcc.a
END GROUP
LOAD c:/program files/microchip/xc32/v4.00/bin/bin/../../lib/gcc/pic32c/8.3.1/thumb/v7e-m+dp/hard/crtend.o
LOAD c:/program files/microchip/xc32/v4.00/bin/bin/../../lib/gcc/pic32c/8.3.1/thumb/v7e-m+dp/hard/crtn.o
OUTPUT(dist/sam_e70_xult/production/UDPST.X.production.elf elf32-littlearm)
LOAD stack
LOAD data_init

.ARM.attributes
                0x00000000       0x32
 .ARM.attributes
                0x00000000       0x1e c:/program files/microchip/xc32/v4.00/bin/bin/../../lib/gcc/pic32c/8.3.1/thumb/v7e-m+dp/hard/crti.o
 .ARM.attributes
                0x0000001e       0x32 c:/program files/microchip/xc32/v4.00/bin/bin/../../lib/gcc/pic32c/8.3.1/thumb/v7e-m+dp/hard/crtbegin.o
 .ARM.attributes
                0x00000050       0x32 build/sam_e70_xult/production/_ext/917764137/bsp.o
 .ARM.attributes
                0x00000082       0x32 build/sam_e70_xult/production/_ext/1015456894/drv_ethphy.o
 .ARM.attributes
                0x000000b4       0x32 build/sam_e70_xult/production/_ext/1015456894/drv_extphy_ksz8061.o
 .ARM.attributes
                0x000000e6       0x32 build/sam_e70_xult/production/_ext/629088514/drv_gmac.o
 .ARM.attributes
                0x00000118       0x32 build/sam_e70_xult/production/_ext/629088514/drv_gmac_lib_samE7x_V7x.o
 .ARM.attributes
                0x0000014a       0x32 build/sam_e70_xult/production/_ext/478869302/drv_miim.o
 .ARM.attributes
                0x0000017c       0x32 build/sam_e70_xult/production/_ext/902702131/helpers.o
 .ARM.attributes
                0x000001ae       0x32 build/sam_e70_xult/production/_ext/902702131/icmp.o
 .ARM.attributes
                0x000001e0       0x32 build/sam_e70_xult/production/_ext/902702131/arp.o
 .ARM.attributes
                0x00000212       0x32 build/sam_e70_xult/production/_ext/902702131/tcpip_commands.o
 .ARM.attributes
                0x00000244       0x32 build/sam_e70_xult/production/_ext/902702131/ipv4.o
 .ARM.attributes
                0x00000276       0x32 build/sam_e70_xult/production/_ext/902702131/tcpip_heap_alloc.o
 .ARM.attributes
                0x000002a8       0x32 build/sam_e70_xult/production/_ext/902702131/tcpip_heap_internal.o
 .ARM.attributes
                0x000002da       0x32 build/sam_e70_xult/production/_ext/902702131/dhcp.o
 .ARM.attributes
                0x0000030c       0x32 build/sam_e70_xult/production/_ext/902702131/dns.o
 .ARM.attributes
                0x0000033e       0x32 build/sam_e70_xult/production/_ext/902702131/hash_fnv.o
 .ARM.attributes
                0x00000370       0x32 build/sam_e70_xult/production/_ext/902702131/oahash.o
 .ARM.attributes
                0x000003a2       0x32 build/sam_e70_xult/production/_ext/902702131/tcpip_helpers.o
 .ARM.attributes
                0x000003d4       0x32 build/sam_e70_xult/production/_ext/902702131/tcpip_manager.o
 .ARM.attributes
                0x00000406       0x32 build/sam_e70_xult/production/_ext/902702131/tcpip_notify.o
 .ARM.attributes
                0x00000438       0x32 build/sam_e70_xult/production/_ext/902702131/tcpip_packet.o
 .ARM.attributes
                0x0000046a       0x32 build/sam_e70_xult/production/_ext/902702131/udp.o
 .ARM.attributes
                0x0000049c       0x32 build/sam_e70_xult/production/_ext/1639147296/plib_afec1.o
 .ARM.attributes
                0x000004ce       0x32 build/sam_e70_xult/production/_ext/1055500827/plib_clk.o
 .ARM.attributes
                0x00000500       0x32 build/sam_e70_xult/production/_ext/1055499099/plib_efc.o
 .ARM.attributes
                0x00000532       0x32 build/sam_e70_xult/production/_ext/1055491083/plib_mpu.o
 .ARM.attributes
                0x00000564       0x32 build/sam_e70_xult/production/_ext/1639550079/plib_nvic.o
 .ARM.attributes
                0x00000596       0x32 build/sam_e70_xult/production/_ext/1055488423/plib_pio.o
 .ARM.attributes
                0x000005c8       0x32 build/sam_e70_xult/production/_ext/865331892/plib_tc0.o
 .ARM.attributes
                0x000005fa       0x32 build/sam_e70_xult/production/_ext/707186936/plib_usart1.o
 .ARM.attributes
                0x0000062c       0x32 build/sam_e70_xult/production/_ext/1497066986/sys_command.o
 .ARM.attributes
                0x0000065e       0x32 build/sam_e70_xult/production/_ext/1953779166/sys_console_uart.o
 .ARM.attributes
                0x00000690       0x32 build/sam_e70_xult/production/_ext/1953779166/sys_console.o
 .ARM.attributes
                0x000006c2       0x32 build/sam_e70_xult/production/_ext/1763620194/sys_debug.o
 .ARM.attributes
                0x000006f4       0x32 build/sam_e70_xult/production/_ext/766002106/sys_int.o
 .ARM.attributes
                0x00000726       0x32 build/sam_e70_xult/production/_ext/862666043/sys_reset.o
 .ARM.attributes
                0x00000758       0x32 build/sam_e70_xult/production/_ext/327803284/sys_time.o
 .ARM.attributes
                0x0000078a       0x32 build/sam_e70_xult/production/_ext/157960187/sys_time_h2_adapter.o
 .ARM.attributes
                0x000007bc       0x32 build/sam_e70_xult/production/_ext/1728594169/tasks.o
 .ARM.attributes
                0x000007ee       0x32 build/sam_e70_xult/production/_ext/1728594169/initialization.o
 .ARM.attributes
                0x00000820       0x32 build/sam_e70_xult/production/_ext/1728594169/interrupts.o
 .ARM.attributes
                0x00000852       0x32 build/sam_e70_xult/production/_ext/1728594169/exceptions.o
 .ARM.attributes
                0x00000884       0x32 build/sam_e70_xult/production/_ext/1728594169/startup_xc32.o
 .ARM.attributes
                0x000008b6       0x32 build/sam_e70_xult/production/_ext/1360937237/app.o
 .ARM.attributes
                0x000008e8       0x32 build/sam_e70_xult/production/_ext/1360937237/main.o
 .ARM.attributes
                0x0000091a       0x32 c:/program files/microchip/xc32/v4.00/bin/bin/../../lib/gcc/pic32c/8.3.1/../../../../pic32c/lib/thumb/v7e-m+dp/hard\libpic32c.a(data_init.o)
 .ARM.attributes
                0x0000094c       0x34 c:/program files/microchip/xc32/v4.00/bin/bin/../../lib/gcc/pic32c/8.3.1/../../../../pic32c/lib/thumb/v7e-m+dp/hard\libc-musl.a(isalnum.o)
 .ARM.attributes
                0x00000980       0x34 c:/program files/microchip/xc32/v4.00/bin/bin/../../lib/gcc/pic32c/8.3.1/../../../../pic32c/lib/thumb/v7e-m+dp/hard\libc-musl.a(isxdigit.o)
 .ARM.attributes
                0x000009b4       0x34 c:/program files/microchip/xc32/v4.00/bin/bin/../../lib/gcc/pic32c/8.3.1/../../../../pic32c/lib/thumb/v7e-m+dp/hard\libc-musl.a(tolower.o)
 .ARM.attributes
                0x000009e8       0x34 c:/program files/microchip/xc32/v4.00/bin/bin/../../lib/gcc/pic32c/8.3.1/../../../../pic32c/lib/thumb/v7e-m+dp/hard\libc-musl.a(toupper.o)
 .ARM.attributes
                0x00000a1c       0x34 c:/program files/microchip/xc32/v4.00/bin/bin/../../lib/gcc/pic32c/8.3.1/../../../../pic32c/lib/thumb/v7e-m+dp/hard\libc-musl.a(__libc_start_main.o)
 .ARM.attributes
                0x00000a50       0x32 c:/program files/microchip/xc32/v4.00/bin/bin/../../lib/gcc/pic32c/8.3.1/../../../../pic32c/lib/thumb/v7e-m+dp/hard\libc-musl.a(libc.o)
 .ARM.attributes
                0x00000a82       0x34 c:/program files/microchip/xc32/v4.00/bin/bin/../../lib/gcc/pic32c/8.3.1/../../../../pic32c/lib/thumb/v7e-m+dp/hard\libc-musl.a(calloc.o)
 .ARM.attributes
                0x00000ab6       0x34 c:/program files/microchip/xc32/v4.00/bin/bin/../../lib/gcc/pic32c/8.3.1/../../../../pic32c/lib/thumb/v7e-m+dp/hard\libc-musl.a(malloc.o)
 .ARM.attributes
                0x00000aea       0x34 c:/program files/microchip/xc32/v4.00/bin/bin/../../lib/gcc/pic32c/8.3.1/../../../../pic32c/lib/thumb/v7e-m+dp/hard\libc-musl.a(expand_heap.o)
 .ARM.attributes
                0x00000b1e       0x34 c:/program files/microchip/xc32/v4.00/bin/bin/../../lib/gcc/pic32c/8.3.1/../../../../pic32c/lib/thumb/v7e-m+dp/hard\libc-musl.a(rand.o)
 .ARM.attributes
                0x00000b52       0x34 c:/program files/microchip/xc32/v4.00/bin/bin/../../lib/gcc/pic32c/8.3.1/../../../../pic32c/lib/thumb/v7e-m+dp/hard\libc-musl.a(vsnprintf.o)
 .ARM.attributes
                0x00000b86       0x34 c:/program files/microchip/xc32/v4.00/bin/bin/../../lib/gcc/pic32c/8.3.1/../../../../pic32c/lib/thumb/v7e-m+dp/hard\libc-musl.a(snprintf.o)
 .ARM.attributes
                0x00000bba       0x34 c:/program files/microchip/xc32/v4.00/bin/bin/../../lib/gcc/pic32c/8.3.1/../../../../pic32c/lib/thumb/v7e-m+dp/hard\libc-musl.a(sprintf.o)
 .ARM.attributes
                0x00000bee       0x34 c:/program files/microchip/xc32/v4.00/bin/bin/../../lib/gcc/pic32c/8.3.1/../../../../pic32c/lib/thumb/v7e-m+dp/hard\libc-musl.a(vsprintf.o)
 .ARM.attributes
                0x00000c22       0x34 c:/program files/microchip/xc32/v4.00/bin/bin/../../lib/gcc/pic32c/8.3.1/../../../../pic32c/lib/thumb/v7e-m+dp/hard\libc-musl.a(atoi.o)
 .ARM.attributes
                0x00000c56       0x34 c:/program files/microchip/xc32/v4.00/bin/bin/../../lib/gcc/pic32c/8.3.1/../../../../pic32c/lib/thumb/v7e-m+dp/hard\libc-musl.a(strtol.o)
 .ARM.attributes
                0x00000c8a       0x34 c:/program files/microchip/xc32/v4.00/bin/bin/../../lib/gcc/pic32c/8.3.1/../../../../pic32c/lib/thumb/v7e-m+dp/hard\libc-musl.a(memcmp.o)
 .ARM.attributes
                0x00000cbe       0x34 c:/program files/microchip/xc32/v4.00/bin/bin/../../lib/gcc/pic32c/8.3.1/../../../../pic32c/lib/thumb/v7e-m+dp/hard\libc-musl.a(memcpy.o)
 .ARM.attributes
                0x00000cf2       0x34 c:/program files/microchip/xc32/v4.00/bin/bin/../../lib/gcc/pic32c/8.3.1/../../../../pic32c/lib/thumb/v7e-m+dp/hard\libc-musl.a(memset.o)
 .ARM.attributes
                0x00000d26       0x34 c:/program files/microchip/xc32/v4.00/bin/bin/../../lib/gcc/pic32c/8.3.1/../../../../pic32c/lib/thumb/v7e-m+dp/hard\libc-musl.a(strlen.o)
 .ARM.attributes
                0x00000d5a       0x34 c:/program files/microchip/xc32/v4.00/bin/bin/../../lib/gcc/pic32c/8.3.1/../../../../pic32c/lib/thumb/v7e-m+dp/hard\libc-musl.a(strchr.o)
 .ARM.attributes
                0x00000d8e       0x34 c:/program files/microchip/xc32/v4.00/bin/bin/../../lib/gcc/pic32c/8.3.1/../../../../pic32c/lib/thumb/v7e-m+dp/hard\libc-musl.a(strchrnul.o)
 .ARM.attributes
                0x00000dc2       0x34 c:/program files/microchip/xc32/v4.00/bin/bin/../../lib/gcc/pic32c/8.3.1/../../../../pic32c/lib/thumb/v7e-m+dp/hard\libc-musl.a(strcmp.o)
 .ARM.attributes
                0x00000df6       0x34 c:/program files/microchip/xc32/v4.00/bin/bin/../../lib/gcc/pic32c/8.3.1/../../../../pic32c/lib/thumb/v7e-m+dp/hard\libc-musl.a(strcpy.o)
 .ARM.attributes
                0x00000e2a       0x34 c:/program files/microchip/xc32/v4.00/bin/bin/../../lib/gcc/pic32c/8.3.1/../../../../pic32c/lib/thumb/v7e-m+dp/hard\libc-musl.a(strncmp.o)
 .ARM.attributes
                0x00000e5e       0x34 c:/program files/microchip/xc32/v4.00/bin/bin/../../lib/gcc/pic32c/8.3.1/../../../../pic32c/lib/thumb/v7e-m+dp/hard\libc-musl.a(strncpy.o)
 .ARM.attributes
                0x00000e92       0x34 c:/program files/microchip/xc32/v4.00/bin/bin/../../lib/gcc/pic32c/8.3.1/../../../../pic32c/lib/thumb/v7e-m+dp/hard\libc-musl.a(strtok.o)
 .ARM.attributes
                0x00000ec6       0x32 c:/program files/microchip/xc32/v4.00/bin/bin/../../lib/gcc/pic32c/8.3.1/../../../../pic32c/lib/thumb/v7e-m+dp/hard\libc-musl.a(__environ.o)
 .ARM.attributes
                0x00000ef8       0x32 c:/program files/microchip/xc32/v4.00/bin/bin/../../lib/gcc/pic32c/8.3.1/../../../../pic32c/lib/thumb/v7e-m+dp/hard\libc-musl.a(__errno_location.o)
 .ARM.attributes
                0x00000f2a       0x34 c:/program files/microchip/xc32/v4.00/bin/bin/../../lib/gcc/pic32c/8.3.1/../../../../pic32c/lib/thumb/v7e-m+dp/hard\libc-musl.a(intscan.o)
 .ARM.attributes
                0x00000f5e       0x34 c:/program files/microchip/xc32/v4.00/bin/bin/../../lib/gcc/pic32c/8.3.1/../../../../pic32c/lib/thumb/v7e-m+dp/hard\libc-musl.a(shgetc.o)
 .ARM.attributes
                0x00000f92       0x34 c:/program files/microchip/xc32/v4.00/bin/bin/../../lib/gcc/pic32c/8.3.1/../../../../pic32c/lib/thumb/v7e-m+dp/hard\libc-musl.a(__uflow.o)
 .ARM.attributes
                0x00000fc6       0x34 c:/program files/microchip/xc32/v4.00/bin/bin/../../lib/gcc/pic32c/8.3.1/../../../../pic32c/lib/thumb/v7e-m+dp/hard\libc-musl.a(vfprintf.o)
 .ARM.attributes
                0x00000ffa       0x34 c:/program files/microchip/xc32/v4.00/bin/bin/../../lib/gcc/pic32c/8.3.1/../../../../pic32c/lib/thumb/v7e-m+dp/hard\libc-musl.a(stpcpy.o)
 .ARM.attributes
                0x0000102e       0x34 c:/program files/microchip/xc32/v4.00/bin/bin/../../lib/gcc/pic32c/8.3.1/../../../../pic32c/lib/thumb/v7e-m+dp/hard\libc-musl.a(stpncpy.o)
 .ARM.attributes
                0x00001062       0x34 c:/program files/microchip/xc32/v4.00/bin/bin/../../lib/gcc/pic32c/8.3.1/../../../../pic32c/lib/thumb/v7e-m+dp/hard\libc-musl.a(strcspn.o)
 .ARM.attributes
                0x00001096       0x34 c:/program files/microchip/xc32/v4.00/bin/bin/../../lib/gcc/pic32c/8.3.1/../../../../pic32c/lib/thumb/v7e-m+dp/hard\libc-musl.a(strspn.o)
 .ARM.attributes
                0x000010ca       0x34 c:/program files/microchip/xc32/v4.00/bin/bin/../../lib/gcc/pic32c/8.3.1/../../../../pic32c/lib/thumb/v7e-m+dp/hard\libc-musl.a(__toread.o)
 .ARM.attributes
                0x000010fe       0x34 c:/program files/microchip/xc32/v4.00/bin/bin/../../lib/gcc/pic32c/8.3.1/../../../../pic32c/lib/thumb/v7e-m+dp/hard\libc-musl.a(__printf_core.o)
 .ARM.attributes
                0x00001132       0x34 c:/program files/microchip/xc32/v4.00/bin/bin/../../lib/gcc/pic32c/8.3.1/../../../../pic32c/lib/thumb/v7e-m+dp/hard\libc-musl.a(__fmt_a.o)
 .ARM.attributes
                0x00001166       0x34 c:/program files/microchip/xc32/v4.00/bin/bin/../../lib/gcc/pic32c/8.3.1/../../../../pic32c/lib/thumb/v7e-m+dp/hard\libc-musl.a(__fmt_d.o)
 .ARM.attributes
                0x0000119a       0x34 c:/program files/microchip/xc32/v4.00/bin/bin/../../lib/gcc/pic32c/8.3.1/../../../../pic32c/lib/thumb/v7e-m+dp/hard\libc-musl.a(__fmt_fp.o)
 .ARM.attributes
                0x000011ce       0x34 c:/program files/microchip/xc32/v4.00/bin/bin/../../lib/gcc/pic32c/8.3.1/../../../../pic32c/lib/thumb/v7e-m+dp/hard\libc-musl.a(__fmt_o.o)
 .ARM.attributes
                0x00001202       0x34 c:/program files/microchip/xc32/v4.00/bin/bin/../../lib/gcc/pic32c/8.3.1/../../../../pic32c/lib/thumb/v7e-m+dp/hard\libc-musl.a(__fmt_s.o)
 .ARM.attributes
                0x00001236       0x34 c:/program files/microchip/xc32/v4.00/bin/bin/../../lib/gcc/pic32c/8.3.1/../../../../pic32c/lib/thumb/v7e-m+dp/hard\libc-musl.a(__fmt_u.o)
 .ARM.attributes
                0x0000126a       0x34 c:/program files/microchip/xc32/v4.00/bin/bin/../../lib/gcc/pic32c/8.3.1/../../../../pic32c/lib/thumb/v7e-m+dp/hard\libc-musl.a(__fmt_x.o)
 .ARM.attributes
                0x0000129e       0x34 c:/program files/microchip/xc32/v4.00/bin/bin/../../lib/gcc/pic32c/8.3.1/../../../../pic32c/lib/thumb/v7e-m+dp/hard\libc-musl.a(__pop_float.o)
 .ARM.attributes
                0x000012d2       0x34 c:/program files/microchip/xc32/v4.00/bin/bin/../../lib/gcc/pic32c/8.3.1/../../../../pic32c/lib/thumb/v7e-m+dp/hard\libc-musl.a(__pop_int.o)
 .ARM.attributes
                0x00001306       0x34 c:/program files/microchip/xc32/v4.00/bin/bin/../../lib/gcc/pic32c/8.3.1/../../../../pic32c/lib/thumb/v7e-m+dp/hard\libc-musl.a(__pop_ptr.o)
 .ARM.attributes
                0x0000133a       0x32 c:/program files/microchip/xc32/v4.00/bin/bin/../../lib/gcc/pic32c/8.3.1/../../../../pic32c/lib/thumb/v7e-m+dp/hard\libm-emfloat.a(lib_a-_FLOOR.o)
 .ARM.attributes
                0x0000136c       0x1e c:/program files/microchip/xc32/v4.00/bin/bin/../../lib/gcc/pic32c/8.3.1/thumb/v7e-m+dp/hard\libgcc.a(_aeabi_uldivmod.o)
 .ARM.attributes
                0x0000138a       0x32 c:/program files/microchip/xc32/v4.00/bin/bin/../../lib/gcc/pic32c/8.3.1/thumb/v7e-m+dp/hard\libgcc.a(_udivmoddi4.o)
 .ARM.attributes
                0x000013bc       0x1e c:/program files/microchip/xc32/v4.00/bin/bin/../../lib/gcc/pic32c/8.3.1/thumb/v7e-m+dp/hard\libgcc.a(_dvmd_tls.o)
 .ARM.attributes
                0x000013da       0x32 c:/program files/microchip/xc32/v4.00/bin/bin/../../lib/gcc/pic32c/8.3.1/../../../../pic32c/lib/thumb/v7e-m+dp/hard\libpic32c.a(sbrk.o)
 .ARM.attributes
                0x0000140c       0x1e c:/program files/microchip/xc32/v4.00/bin/bin/../../lib/gcc/pic32c/8.3.1/thumb/v7e-m+dp/hard/crtn.o

.comment        0x00000000       0x53
 .comment       0x00000000       0x53 c:/program files/microchip/xc32/v4.00/bin/bin/../../lib/gcc/pic32c/8.3.1/thumb/v7e-m+dp/hard/crtbegin.o
                                 0x54 (size before relaxing)
 .comment       0x00000053       0x54 build/sam_e70_xult/production/_ext/917764137/bsp.o
 .comment       0x00000053       0x54 build/sam_e70_xult/production/_ext/1015456894/drv_ethphy.o
 .comment       0x00000053       0x54 build/sam_e70_xult/production/_ext/1015456894/drv_extphy_ksz8061.o
 .comment       0x00000053       0x54 build/sam_e70_xult/production/_ext/629088514/drv_gmac.o
 .comment       0x00000053       0x54 build/sam_e70_xult/production/_ext/629088514/drv_gmac_lib_samE7x_V7x.o
 .comment       0x00000053       0x54 build/sam_e70_xult/production/_ext/478869302/drv_miim.o
 .comment       0x00000053       0x54 build/sam_e70_xult/production/_ext/902702131/helpers.o
 .comment       0x00000053       0x54 build/sam_e70_xult/production/_ext/902702131/icmp.o
 .comment       0x00000053       0x54 build/sam_e70_xult/production/_ext/902702131/arp.o
 .comment       0x00000053       0x54 build/sam_e70_xult/production/_ext/902702131/tcpip_commands.o
 .comment       0x00000053       0x54 build/sam_e70_xult/production/_ext/902702131/ipv4.o
 .comment       0x00000053       0x54 build/sam_e70_xult/production/_ext/902702131/tcpip_heap_alloc.o
 .comment       0x00000053       0x54 build/sam_e70_xult/production/_ext/902702131/tcpip_heap_internal.o
 .comment       0x00000053       0x54 build/sam_e70_xult/production/_ext/902702131/dhcp.o
 .comment       0x00000053       0x54 build/sam_e70_xult/production/_ext/902702131/dns.o
 .comment       0x00000053       0x54 build/sam_e70_xult/production/_ext/902702131/hash_fnv.o
 .comment       0x00000053       0x54 build/sam_e70_xult/production/_ext/902702131/oahash.o
 .comment       0x00000053       0x54 build/sam_e70_xult/production/_ext/902702131/tcpip_helpers.o
 .comment       0x00000053       0x54 build/sam_e70_xult/production/_ext/902702131/tcpip_manager.o
 .comment       0x00000053       0x54 build/sam_e70_xult/production/_ext/902702131/tcpip_notify.o
 .comment       0x00000053       0x54 build/sam_e70_xult/production/_ext/902702131/tcpip_packet.o
 .comment       0x00000053       0x54 build/sam_e70_xult/production/_ext/902702131/udp.o
 .comment       0x00000053       0x54 build/sam_e70_xult/production/_ext/1639147296/plib_afec1.o
 .comment       0x00000053       0x54 build/sam_e70_xult/production/_ext/1055500827/plib_clk.o
 .comment       0x00000053       0x54 build/sam_e70_xult/production/_ext/1055499099/plib_efc.o
 .comment       0x00000053       0x54 build/sam_e70_xult/production/_ext/1055491083/plib_mpu.o
 .comment       0x00000053       0x54 build/sam_e70_xult/production/_ext/1639550079/plib_nvic.o
 .comment       0x00000053       0x54 build/sam_e70_xult/production/_ext/1055488423/plib_pio.o
 .comment       0x00000053       0x54 build/sam_e70_xult/production/_ext/865331892/plib_tc0.o
 .comment       0x00000053       0x54 build/sam_e70_xult/production/_ext/707186936/plib_usart1.o
 .comment       0x00000053       0x54 build/sam_e70_xult/production/_ext/1497066986/sys_command.o
 .comment       0x00000053       0x54 build/sam_e70_xult/production/_ext/1953779166/sys_console_uart.o
 .comment       0x00000053       0x54 build/sam_e70_xult/production/_ext/1953779166/sys_console.o
 .comment       0x00000053       0x54 build/sam_e70_xult/production/_ext/1763620194/sys_debug.o
 .comment       0x00000053       0x54 build/sam_e70_xult/production/_ext/766002106/sys_int.o
 .comment       0x00000053       0x54 build/sam_e70_xult/production/_ext/862666043/sys_reset.o
 .comment       0x00000053       0x54 build/sam_e70_xult/production/_ext/327803284/sys_time.o
 .comment       0x00000053       0x54 build/sam_e70_xult/production/_ext/157960187/sys_time_h2_adapter.o
 .comment       0x00000053       0x54 build/sam_e70_xult/production/_ext/1728594169/tasks.o
 .comment       0x00000053       0x54 build/sam_e70_xult/production/_ext/1728594169/initialization.o
 .comment       0x00000053       0x54 build/sam_e70_xult/production/_ext/1728594169/interrupts.o
 .comment       0x00000053       0x54 build/sam_e70_xult/production/_ext/1728594169/exceptions.o
 .comment       0x00000053       0x54 build/sam_e70_xult/production/_ext/1728594169/startup_xc32.o
 .comment       0x00000053       0x54 build/sam_e70_xult/production/_ext/1360937237/app.o
 .comment       0x00000053       0x54 build/sam_e70_xult/production/_ext/1360937237/main.o
 .comment       0x00000053       0x54 c:/program files/microchip/xc32/v4.00/bin/bin/../../lib/gcc/pic32c/8.3.1/../../../../pic32c/lib/thumb/v7e-m+dp/hard\libpic32c.a(data_init.o)
 .comment       0x00000053       0x54 c:/program files/microchip/xc32/v4.00/bin/bin/../../lib/gcc/pic32c/8.3.1/../../../../pic32c/lib/thumb/v7e-m+dp/hard\libc-musl.a(isalnum.o)
 .comment       0x00000053       0x54 c:/program files/microchip/xc32/v4.00/bin/bin/../../lib/gcc/pic32c/8.3.1/../../../../pic32c/lib/thumb/v7e-m+dp/hard\libc-musl.a(isxdigit.o)
 .comment       0x00000053       0x54 c:/program files/microchip/xc32/v4.00/bin/bin/../../lib/gcc/pic32c/8.3.1/../../../../pic32c/lib/thumb/v7e-m+dp/hard\libc-musl.a(tolower.o)
 .comment       0x00000053       0x54 c:/program files/microchip/xc32/v4.00/bin/bin/../../lib/gcc/pic32c/8.3.1/../../../../pic32c/lib/thumb/v7e-m+dp/hard\libc-musl.a(toupper.o)
 .comment       0x00000053       0x54 c:/program files/microchip/xc32/v4.00/bin/bin/../../lib/gcc/pic32c/8.3.1/../../../../pic32c/lib/thumb/v7e-m+dp/hard\libc-musl.a(__libc_start_main.o)
 .comment       0x00000053       0x54 c:/program files/microchip/xc32/v4.00/bin/bin/../../lib/gcc/pic32c/8.3.1/../../../../pic32c/lib/thumb/v7e-m+dp/hard\libc-musl.a(libc.o)
 .comment       0x00000053       0x54 c:/program files/microchip/xc32/v4.00/bin/bin/../../lib/gcc/pic32c/8.3.1/../../../../pic32c/lib/thumb/v7e-m+dp/hard\libc-musl.a(calloc.o)
 .comment       0x00000053       0x54 c:/program files/microchip/xc32/v4.00/bin/bin/../../lib/gcc/pic32c/8.3.1/../../../../pic32c/lib/thumb/v7e-m+dp/hard\libc-musl.a(malloc.o)
 .comment       0x00000053       0x54 c:/program files/microchip/xc32/v4.00/bin/bin/../../lib/gcc/pic32c/8.3.1/../../../../pic32c/lib/thumb/v7e-m+dp/hard\libc-musl.a(expand_heap.o)
 .comment       0x00000053       0x54 c:/program files/microchip/xc32/v4.00/bin/bin/../../lib/gcc/pic32c/8.3.1/../../../../pic32c/lib/thumb/v7e-m+dp/hard\libc-musl.a(rand.o)
 .comment       0x00000053       0x54 c:/program files/microchip/xc32/v4.00/bin/bin/../../lib/gcc/pic32c/8.3.1/../../../../pic32c/lib/thumb/v7e-m+dp/hard\libc-musl.a(vsnprintf.o)
 .comment       0x00000053       0x54 c:/program files/microchip/xc32/v4.00/bin/bin/../../lib/gcc/pic32c/8.3.1/../../../../pic32c/lib/thumb/v7e-m+dp/hard\libc-musl.a(snprintf.o)
 .comment       0x00000053       0x54 c:/program files/microchip/xc32/v4.00/bin/bin/../../lib/gcc/pic32c/8.3.1/../../../../pic32c/lib/thumb/v7e-m+dp/hard\libc-musl.a(sprintf.o)
 .comment       0x00000053       0x54 c:/program files/microchip/xc32/v4.00/bin/bin/../../lib/gcc/pic32c/8.3.1/../../../../pic32c/lib/thumb/v7e-m+dp/hard\libc-musl.a(vsprintf.o)
 .comment       0x00000053       0x54 c:/program files/microchip/xc32/v4.00/bin/bin/../../lib/gcc/pic32c/8.3.1/../../../../pic32c/lib/thumb/v7e-m+dp/hard\libc-musl.a(atoi.o)
 .comment       0x00000053       0x54 c:/program files/microchip/xc32/v4.00/bin/bin/../../lib/gcc/pic32c/8.3.1/../../../../pic32c/lib/thumb/v7e-m+dp/hard\libc-musl.a(strtol.o)
 .comment       0x00000053       0x54 c:/program files/microchip/xc32/v4.00/bin/bin/../../lib/gcc/pic32c/8.3.1/../../../../pic32c/lib/thumb/v7e-m+dp/hard\libc-musl.a(memcmp.o)
 .comment       0x00000053       0x54 c:/program files/microchip/xc32/v4.00/bin/bin/../../lib/gcc/pic32c/8.3.1/../../../../pic32c/lib/thumb/v7e-m+dp/hard\libc-musl.a(memcpy.o)
 .comment       0x00000053       0x54 c:/program files/microchip/xc32/v4.00/bin/bin/../../lib/gcc/pic32c/8.3.1/../../../../pic32c/lib/thumb/v7e-m+dp/hard\libc-musl.a(memset.o)
 .comment       0x00000053       0x54 c:/program files/microchip/xc32/v4.00/bin/bin/../../lib/gcc/pic32c/8.3.1/../../../../pic32c/lib/thumb/v7e-m+dp/hard\libc-musl.a(strlen.o)
 .comment       0x00000053       0x54 c:/program files/microchip/xc32/v4.00/bin/bin/../../lib/gcc/pic32c/8.3.1/../../../../pic32c/lib/thumb/v7e-m+dp/hard\libc-musl.a(strchr.o)
 .comment       0x00000053       0x54 c:/program files/microchip/xc32/v4.00/bin/bin/../../lib/gcc/pic32c/8.3.1/../../../../pic32c/lib/thumb/v7e-m+dp/hard\libc-musl.a(strchrnul.o)
 .comment       0x00000053       0x54 c:/program files/microchip/xc32/v4.00/bin/bin/../../lib/gcc/pic32c/8.3.1/../../../../pic32c/lib/thumb/v7e-m+dp/hard\libc-musl.a(strcmp.o)
 .comment       0x00000053       0x54 c:/program files/microchip/xc32/v4.00/bin/bin/../../lib/gcc/pic32c/8.3.1/../../../../pic32c/lib/thumb/v7e-m+dp/hard\libc-musl.a(strcpy.o)
 .comment       0x00000053       0x54 c:/program files/microchip/xc32/v4.00/bin/bin/../../lib/gcc/pic32c/8.3.1/../../../../pic32c/lib/thumb/v7e-m+dp/hard\libc-musl.a(strncmp.o)
 .comment       0x00000053       0x54 c:/program files/microchip/xc32/v4.00/bin/bin/../../lib/gcc/pic32c/8.3.1/../../../../pic32c/lib/thumb/v7e-m+dp/hard\libc-musl.a(strncpy.o)
 .comment       0x00000053       0x54 c:/program files/microchip/xc32/v4.00/bin/bin/../../lib/gcc/pic32c/8.3.1/../../../../pic32c/lib/thumb/v7e-m+dp/hard\libc-musl.a(strtok.o)
 .comment       0x00000053       0x54 c:/program files/microchip/xc32/v4.00/bin/bin/../../lib/gcc/pic32c/8.3.1/../../../../pic32c/lib/thumb/v7e-m+dp/hard\libc-musl.a(__environ.o)
 .comment       0x00000053       0x54 c:/program files/microchip/xc32/v4.00/bin/bin/../../lib/gcc/pic32c/8.3.1/../../../../pic32c/lib/thumb/v7e-m+dp/hard\libc-musl.a(__errno_location.o)
 .comment       0x00000053       0x54 c:/program files/microchip/xc32/v4.00/bin/bin/../../lib/gcc/pic32c/8.3.1/../../../../pic32c/lib/thumb/v7e-m+dp/hard\libc-musl.a(intscan.o)
 .comment       0x00000053       0x54 c:/program files/microchip/xc32/v4.00/bin/bin/../../lib/gcc/pic32c/8.3.1/../../../../pic32c/lib/thumb/v7e-m+dp/hard\libc-musl.a(shgetc.o)
 .comment       0x00000053       0x54 c:/program files/microchip/xc32/v4.00/bin/bin/../../lib/gcc/pic32c/8.3.1/../../../../pic32c/lib/thumb/v7e-m+dp/hard\libc-musl.a(__uflow.o)
 .comment       0x00000053       0x54 c:/program files/microchip/xc32/v4.00/bin/bin/../../lib/gcc/pic32c/8.3.1/../../../../pic32c/lib/thumb/v7e-m+dp/hard\libc-musl.a(vfprintf.o)
 .comment       0x00000053       0x54 c:/program files/microchip/xc32/v4.00/bin/bin/../../lib/gcc/pic32c/8.3.1/../../../../pic32c/lib/thumb/v7e-m+dp/hard\libc-musl.a(stpcpy.o)
 .comment       0x00000053       0x54 c:/program files/microchip/xc32/v4.00/bin/bin/../../lib/gcc/pic32c/8.3.1/../../../../pic32c/lib/thumb/v7e-m+dp/hard\libc-musl.a(stpncpy.o)
 .comment       0x00000053       0x54 c:/program files/microchip/xc32/v4.00/bin/bin/../../lib/gcc/pic32c/8.3.1/../../../../pic32c/lib/thumb/v7e-m+dp/hard\libc-musl.a(strcspn.o)
 .comment       0x00000053       0x54 c:/program files/microchip/xc32/v4.00/bin/bin/../../lib/gcc/pic32c/8.3.1/../../../../pic32c/lib/thumb/v7e-m+dp/hard\libc-musl.a(strspn.o)
 .comment       0x00000053       0x54 c:/program files/microchip/xc32/v4.00/bin/bin/../../lib/gcc/pic32c/8.3.1/../../../../pic32c/lib/thumb/v7e-m+dp/hard\libc-musl.a(__toread.o)
 .comment       0x00000053       0x54 c:/program files/microchip/xc32/v4.00/bin/bin/../../lib/gcc/pic32c/8.3.1/../../../../pic32c/lib/thumb/v7e-m+dp/hard\libc-musl.a(__printf_core.o)
 .comment       0x00000053       0x54 c:/program files/microchip/xc32/v4.00/bin/bin/../../lib/gcc/pic32c/8.3.1/../../../../pic32c/lib/thumb/v7e-m+dp/hard\libc-musl.a(__fmt_a.o)
 .comment       0x00000053       0x54 c:/program files/microchip/xc32/v4.00/bin/bin/../../lib/gcc/pic32c/8.3.1/../../../../pic32c/lib/thumb/v7e-m+dp/hard\libc-musl.a(__fmt_d.o)
 .comment       0x00000053       0x54 c:/program files/microchip/xc32/v4.00/bin/bin/../../lib/gcc/pic32c/8.3.1/../../../../pic32c/lib/thumb/v7e-m+dp/hard\libc-musl.a(__fmt_fp.o)
 .comment       0x00000053       0x54 c:/program files/microchip/xc32/v4.00/bin/bin/../../lib/gcc/pic32c/8.3.1/../../../../pic32c/lib/thumb/v7e-m+dp/hard\libc-musl.a(__fmt_o.o)
 .comment       0x00000053       0x54 c:/program files/microchip/xc32/v4.00/bin/bin/../../lib/gcc/pic32c/8.3.1/../../../../pic32c/lib/thumb/v7e-m+dp/hard\libc-musl.a(__fmt_s.o)
 .comment       0x00000053       0x54 c:/program files/microchip/xc32/v4.00/bin/bin/../../lib/gcc/pic32c/8.3.1/../../../../pic32c/lib/thumb/v7e-m+dp/hard\libc-musl.a(__fmt_u.o)
 .comment       0x00000053       0x54 c:/program files/microchip/xc32/v4.00/bin/bin/../../lib/gcc/pic32c/8.3.1/../../../../pic32c/lib/thumb/v7e-m+dp/hard\libc-musl.a(__fmt_x.o)
 .comment       0x00000053       0x54 c:/program files/microchip/xc32/v4.00/bin/bin/../../lib/gcc/pic32c/8.3.1/../../../../pic32c/lib/thumb/v7e-m+dp/hard\libc-musl.a(__pop_float.o)
 .comment       0x00000053       0x54 c:/program files/microchip/xc32/v4.00/bin/bin/../../lib/gcc/pic32c/8.3.1/../../../../pic32c/lib/thumb/v7e-m+dp/hard\libc-musl.a(__pop_int.o)
 .comment       0x00000053       0x54 c:/program files/microchip/xc32/v4.00/bin/bin/../../lib/gcc/pic32c/8.3.1/../../../../pic32c/lib/thumb/v7e-m+dp/hard\libc-musl.a(__pop_ptr.o)
 .comment       0x00000053       0x54 c:/program files/microchip/xc32/v4.00/bin/bin/../../lib/gcc/pic32c/8.3.1/../../../../pic32c/lib/thumb/v7e-m+dp/hard\libm-emfloat.a(lib_a-_FLOOR.o)
 .comment       0x00000053       0x54 c:/program files/microchip/xc32/v4.00/bin/bin/../../lib/gcc/pic32c/8.3.1/thumb/v7e-m+dp/hard\libgcc.a(_udivmoddi4.o)
 .comment       0x00000053       0x54 c:/program files/microchip/xc32/v4.00/bin/bin/../../lib/gcc/pic32c/8.3.1/../../../../pic32c/lib/thumb/v7e-m+dp/hard\libpic32c.a(sbrk.o)

.debug_info     0x00000000    0xcd1fa
 .debug_info    0x00000000      0xab6 build/sam_e70_xult/production/_ext/917764137/bsp.o
 .debug_info    0x00000ab6     0x88ab build/sam_e70_xult/production/_ext/1015456894/drv_ethphy.o
 .debug_info    0x00009361     0x2363 build/sam_e70_xult/production/_ext/1015456894/drv_extphy_ksz8061.o
 .debug_info    0x0000b6c4     0xa894 build/sam_e70_xult/production/_ext/629088514/drv_gmac.o
 .debug_info    0x00015f58     0x9a12 build/sam_e70_xult/production/_ext/629088514/drv_gmac_lib_samE7x_V7x.o
 .debug_info    0x0001f96a     0x57cb build/sam_e70_xult/production/_ext/478869302/drv_miim.o
 .debug_info    0x00025135      0x712 build/sam_e70_xult/production/_ext/902702131/helpers.o
 .debug_info    0x00025847     0x411c build/sam_e70_xult/production/_ext/902702131/icmp.o
 .debug_info    0x00029963     0x77c4 build/sam_e70_xult/production/_ext/902702131/arp.o
 .debug_info    0x00031127     0x8b09 build/sam_e70_xult/production/_ext/902702131/tcpip_commands.o
 .debug_info    0x00039c30     0x8424 build/sam_e70_xult/production/_ext/902702131/ipv4.o
 .debug_info    0x00042054     0x2f99 build/sam_e70_xult/production/_ext/902702131/tcpip_heap_alloc.o
 .debug_info    0x00044fed     0x4230 build/sam_e70_xult/production/_ext/902702131/tcpip_heap_internal.o
 .debug_info    0x0004921d     0xa3ee build/sam_e70_xult/production/_ext/902702131/dhcp.o
 .debug_info    0x0005360b     0x86ec build/sam_e70_xult/production/_ext/902702131/dns.o
 .debug_info    0x0005bcf7      0x470 build/sam_e70_xult/production/_ext/902702131/hash_fnv.o
 .debug_info    0x0005c167      0xbbb build/sam_e70_xult/production/_ext/902702131/oahash.o
 .debug_info    0x0005cd22     0x7e72 build/sam_e70_xult/production/_ext/902702131/tcpip_helpers.o
 .debug_info    0x00064b94     0xd16c build/sam_e70_xult/production/_ext/902702131/tcpip_manager.o
 .debug_info    0x00071d00     0x3003 build/sam_e70_xult/production/_ext/902702131/tcpip_notify.o
 .debug_info    0x00074d03     0x40a1 build/sam_e70_xult/production/_ext/902702131/tcpip_packet.o
 .debug_info    0x00078da4     0xa17f build/sam_e70_xult/production/_ext/902702131/udp.o
 .debug_info    0x00082f23     0x1106 build/sam_e70_xult/production/_ext/1639147296/plib_afec1.o
 .debug_info    0x00084029      0x8f4 build/sam_e70_xult/production/_ext/1055500827/plib_clk.o
 .debug_info    0x0008491d      0x967 build/sam_e70_xult/production/_ext/1055499099/plib_efc.o
 .debug_info    0x00085284      0x970 build/sam_e70_xult/production/_ext/1055491083/plib_mpu.o
 .debug_info    0x00085bf4     0x147e build/sam_e70_xult/production/_ext/1639550079/plib_nvic.o
 .debug_info    0x00087072      0xf2b build/sam_e70_xult/production/_ext/1055488423/plib_pio.o
 .debug_info    0x00087f9d      0x911 build/sam_e70_xult/production/_ext/865331892/plib_tc0.o
 .debug_info    0x000888ae     0x19c8 build/sam_e70_xult/production/_ext/707186936/plib_usart1.o
 .debug_info    0x0008a276     0x322a build/sam_e70_xult/production/_ext/1497066986/sys_command.o
 .debug_info    0x0008d4a0     0x4e2f build/sam_e70_xult/production/_ext/1953779166/sys_console_uart.o
 .debug_info    0x000922cf     0x159f build/sam_e70_xult/production/_ext/1953779166/sys_console.o
 .debug_info    0x0009386e      0xe1c build/sam_e70_xult/production/_ext/1763620194/sys_debug.o
 .debug_info    0x0009468a      0xce6 build/sam_e70_xult/production/_ext/766002106/sys_int.o
 .debug_info    0x00095370      0x8b6 build/sam_e70_xult/production/_ext/862666043/sys_reset.o
 .debug_info    0x00095c26     0x2a8c build/sam_e70_xult/production/_ext/327803284/sys_time.o
 .debug_info    0x000986b2      0x6c4 build/sam_e70_xult/production/_ext/157960187/sys_time_h2_adapter.o
 .debug_info    0x00098d76     0x411b build/sam_e70_xult/production/_ext/1728594169/tasks.o
 .debug_info    0x0009ce91     0x6b8b build/sam_e70_xult/production/_ext/1728594169/initialization.o
 .debug_info    0x000a3a1c     0x4c34 build/sam_e70_xult/production/_ext/1728594169/interrupts.o
 .debug_info    0x000a8650     0x418c build/sam_e70_xult/production/_ext/1728594169/exceptions.o
 .debug_info    0x000ac7dc      0xe00 build/sam_e70_xult/production/_ext/1728594169/startup_xc32.o
 .debug_info    0x000ad5dc     0x4eef build/sam_e70_xult/production/_ext/1360937237/app.o
 .debug_info    0x000b24cb     0x40de build/sam_e70_xult/production/_ext/1360937237/main.o
 .debug_info    0x000b65a9      0x2e1 c:/program files/microchip/xc32/v4.00/bin/bin/../../lib/gcc/pic32c/8.3.1/../../../../pic32c/lib/thumb/v7e-m+dp/hard\libpic32c.a(data_init.o)
 .debug_info    0x000b688a      0x603 c:/program files/microchip/xc32/v4.00/bin/bin/../../lib/gcc/pic32c/8.3.1/../../../../pic32c/lib/thumb/v7e-m+dp/hard\libc-musl.a(isalnum.o)
 .debug_info    0x000b6e8d      0x606 c:/program files/microchip/xc32/v4.00/bin/bin/../../lib/gcc/pic32c/8.3.1/../../../../pic32c/lib/thumb/v7e-m+dp/hard\libc-musl.a(isxdigit.o)
 .debug_info    0x000b7493      0x603 c:/program files/microchip/xc32/v4.00/bin/bin/../../lib/gcc/pic32c/8.3.1/../../../../pic32c/lib/thumb/v7e-m+dp/hard\libc-musl.a(tolower.o)
 .debug_info    0x000b7a96      0x603 c:/program files/microchip/xc32/v4.00/bin/bin/../../lib/gcc/pic32c/8.3.1/../../../../pic32c/lib/thumb/v7e-m+dp/hard\libc-musl.a(toupper.o)
 .debug_info    0x000b8099      0x6b9 c:/program files/microchip/xc32/v4.00/bin/bin/../../lib/gcc/pic32c/8.3.1/../../../../pic32c/lib/thumb/v7e-m+dp/hard\libc-musl.a(__libc_start_main.o)
 .debug_info    0x000b8752      0x5e5 c:/program files/microchip/xc32/v4.00/bin/bin/../../lib/gcc/pic32c/8.3.1/../../../../pic32c/lib/thumb/v7e-m+dp/hard\libc-musl.a(libc.o)
 .debug_info    0x000b8d37      0x30c c:/program files/microchip/xc32/v4.00/bin/bin/../../lib/gcc/pic32c/8.3.1/../../../../pic32c/lib/thumb/v7e-m+dp/hard\libc-musl.a(calloc.o)
 .debug_info    0x000b9043     0x14b0 c:/program files/microchip/xc32/v4.00/bin/bin/../../lib/gcc/pic32c/8.3.1/../../../../pic32c/lib/thumb/v7e-m+dp/hard\libc-musl.a(malloc.o)
 .debug_info    0x000ba4f3      0x688 c:/program files/microchip/xc32/v4.00/bin/bin/../../lib/gcc/pic32c/8.3.1/../../../../pic32c/lib/thumb/v7e-m+dp/hard\libc-musl.a(expand_heap.o)
 .debug_info    0x000bab7b      0x359 c:/program files/microchip/xc32/v4.00/bin/bin/../../lib/gcc/pic32c/8.3.1/../../../../pic32c/lib/thumb/v7e-m+dp/hard\libc-musl.a(rand.o)
 .debug_info    0x000baed4      0x98c c:/program files/microchip/xc32/v4.00/bin/bin/../../lib/gcc/pic32c/8.3.1/../../../../pic32c/lib/thumb/v7e-m+dp/hard\libc-musl.a(vsnprintf.o)
 .debug_info    0x000bb860      0x3e2 c:/program files/microchip/xc32/v4.00/bin/bin/../../lib/gcc/pic32c/8.3.1/../../../../pic32c/lib/thumb/v7e-m+dp/hard\libc-musl.a(snprintf.o)
 .debug_info    0x000bbc42      0x3b8 c:/program files/microchip/xc32/v4.00/bin/bin/../../lib/gcc/pic32c/8.3.1/../../../../pic32c/lib/thumb/v7e-m+dp/hard\libc-musl.a(sprintf.o)
 .debug_info    0x000bbffa      0x3b2 c:/program files/microchip/xc32/v4.00/bin/bin/../../lib/gcc/pic32c/8.3.1/../../../../pic32c/lib/thumb/v7e-m+dp/hard\libc-musl.a(vsprintf.o)
 .debug_info    0x000bc3ac      0x328 c:/program files/microchip/xc32/v4.00/bin/bin/../../lib/gcc/pic32c/8.3.1/../../../../pic32c/lib/thumb/v7e-m+dp/hard\libc-musl.a(atoi.o)
 .debug_info    0x000bc6d4      0xc73 c:/program files/microchip/xc32/v4.00/bin/bin/../../lib/gcc/pic32c/8.3.1/../../../../pic32c/lib/thumb/v7e-m+dp/hard\libc-musl.a(strtol.o)
 .debug_info    0x000bd347      0x30f c:/program files/microchip/xc32/v4.00/bin/bin/../../lib/gcc/pic32c/8.3.1/../../../../pic32c/lib/thumb/v7e-m+dp/hard\libc-musl.a(memcmp.o)
 .debug_info    0x000bd656      0x324 c:/program files/microchip/xc32/v4.00/bin/bin/../../lib/gcc/pic32c/8.3.1/../../../../pic32c/lib/thumb/v7e-m+dp/hard\libc-musl.a(memcpy.o)
 .debug_info    0x000bd97a      0x2e2 c:/program files/microchip/xc32/v4.00/bin/bin/../../lib/gcc/pic32c/8.3.1/../../../../pic32c/lib/thumb/v7e-m+dp/hard\libc-musl.a(memset.o)
 .debug_info    0x000bdc5c      0x2d3 c:/program files/microchip/xc32/v4.00/bin/bin/../../lib/gcc/pic32c/8.3.1/../../../../pic32c/lib/thumb/v7e-m+dp/hard\libc-musl.a(strlen.o)
 .debug_info    0x000bdf2f      0x2f5 c:/program files/microchip/xc32/v4.00/bin/bin/../../lib/gcc/pic32c/8.3.1/../../../../pic32c/lib/thumb/v7e-m+dp/hard\libc-musl.a(strchr.o)
 .debug_info    0x000be224      0x6dd c:/program files/microchip/xc32/v4.00/bin/bin/../../lib/gcc/pic32c/8.3.1/../../../../pic32c/lib/thumb/v7e-m+dp/hard\libc-musl.a(strchrnul.o)
 .debug_info    0x000be901      0x2b7 c:/program files/microchip/xc32/v4.00/bin/bin/../../lib/gcc/pic32c/8.3.1/../../../../pic32c/lib/thumb/v7e-m+dp/hard\libc-musl.a(strcmp.o)
 .debug_info    0x000bebb8      0x2e1 c:/program files/microchip/xc32/v4.00/bin/bin/../../lib/gcc/pic32c/8.3.1/../../../../pic32c/lib/thumb/v7e-m+dp/hard\libc-musl.a(strcpy.o)
 .debug_info    0x000bee99      0x31d c:/program files/microchip/xc32/v4.00/bin/bin/../../lib/gcc/pic32c/8.3.1/../../../../pic32c/lib/thumb/v7e-m+dp/hard\libc-musl.a(strncmp.o)
 .debug_info    0x000bf1b6      0x306 c:/program files/microchip/xc32/v4.00/bin/bin/../../lib/gcc/pic32c/8.3.1/../../../../pic32c/lib/thumb/v7e-m+dp/hard\libc-musl.a(strncpy.o)
 .debug_info    0x000bf4bc      0x323 c:/program files/microchip/xc32/v4.00/bin/bin/../../lib/gcc/pic32c/8.3.1/../../../../pic32c/lib/thumb/v7e-m+dp/hard\libc-musl.a(strtok.o)
 .debug_info    0x000bf7df      0x59c c:/program files/microchip/xc32/v4.00/bin/bin/../../lib/gcc/pic32c/8.3.1/../../../../pic32c/lib/thumb/v7e-m+dp/hard\libc-musl.a(__environ.o)
 .debug_info    0x000bfd7b      0x580 c:/program files/microchip/xc32/v4.00/bin/bin/../../lib/gcc/pic32c/8.3.1/../../../../pic32c/lib/thumb/v7e-m+dp/hard\libc-musl.a(__errno_location.o)
 .debug_info    0x000c02fb      0xad5 c:/program files/microchip/xc32/v4.00/bin/bin/../../lib/gcc/pic32c/8.3.1/../../../../pic32c/lib/thumb/v7e-m+dp/hard\libc-musl.a(intscan.o)
 .debug_info    0x000c0dd0      0x8da c:/program files/microchip/xc32/v4.00/bin/bin/../../lib/gcc/pic32c/8.3.1/../../../../pic32c/lib/thumb/v7e-m+dp/hard\libc-musl.a(shgetc.o)
 .debug_info    0x000c16aa      0x8a6 c:/program files/microchip/xc32/v4.00/bin/bin/../../lib/gcc/pic32c/8.3.1/../../../../pic32c/lib/thumb/v7e-m+dp/hard\libc-musl.a(__uflow.o)
 .debug_info    0x000c1f50      0x953 c:/program files/microchip/xc32/v4.00/bin/bin/../../lib/gcc/pic32c/8.3.1/../../../../pic32c/lib/thumb/v7e-m+dp/hard\libc-musl.a(vfprintf.o)
 .debug_info    0x000c28a3      0x5bf c:/program files/microchip/xc32/v4.00/bin/bin/../../lib/gcc/pic32c/8.3.1/../../../../pic32c/lib/thumb/v7e-m+dp/hard\libc-musl.a(stpcpy.o)
 .debug_info    0x000c2e62      0x5ec c:/program files/microchip/xc32/v4.00/bin/bin/../../lib/gcc/pic32c/8.3.1/../../../../pic32c/lib/thumb/v7e-m+dp/hard\libc-musl.a(stpncpy.o)
 .debug_info    0x000c344e      0x348 c:/program files/microchip/xc32/v4.00/bin/bin/../../lib/gcc/pic32c/8.3.1/../../../../pic32c/lib/thumb/v7e-m+dp/hard\libc-musl.a(strcspn.o)
 .debug_info    0x000c3796      0x32d c:/program files/microchip/xc32/v4.00/bin/bin/../../lib/gcc/pic32c/8.3.1/../../../../pic32c/lib/thumb/v7e-m+dp/hard\libc-musl.a(strspn.o)
 .debug_info    0x000c3ac3      0x8c0 c:/program files/microchip/xc32/v4.00/bin/bin/../../lib/gcc/pic32c/8.3.1/../../../../pic32c/lib/thumb/v7e-m+dp/hard\libc-musl.a(__toread.o)
 .debug_info    0x000c4383     0x101d c:/program files/microchip/xc32/v4.00/bin/bin/../../lib/gcc/pic32c/8.3.1/../../../../pic32c/lib/thumb/v7e-m+dp/hard\libc-musl.a(__printf_core.o)
 .debug_info    0x000c53a0      0xc8a c:/program files/microchip/xc32/v4.00/bin/bin/../../lib/gcc/pic32c/8.3.1/../../../../pic32c/lib/thumb/v7e-m+dp/hard\libc-musl.a(__fmt_a.o)
 .debug_info    0x000c602a      0x8c2 c:/program files/microchip/xc32/v4.00/bin/bin/../../lib/gcc/pic32c/8.3.1/../../../../pic32c/lib/thumb/v7e-m+dp/hard\libc-musl.a(__fmt_d.o)
 .debug_info    0x000c68ec      0xc78 c:/program files/microchip/xc32/v4.00/bin/bin/../../lib/gcc/pic32c/8.3.1/../../../../pic32c/lib/thumb/v7e-m+dp/hard\libc-musl.a(__fmt_fp.o)
 .debug_info    0x000c7564      0x893 c:/program files/microchip/xc32/v4.00/bin/bin/../../lib/gcc/pic32c/8.3.1/../../../../pic32c/lib/thumb/v7e-m+dp/hard\libc-musl.a(__fmt_o.o)
 .debug_info    0x000c7df7      0x839 c:/program files/microchip/xc32/v4.00/bin/bin/../../lib/gcc/pic32c/8.3.1/../../../../pic32c/lib/thumb/v7e-m+dp/hard\libc-musl.a(__fmt_s.o)
 .debug_info    0x000c8630      0x960 c:/program files/microchip/xc32/v4.00/bin/bin/../../lib/gcc/pic32c/8.3.1/../../../../pic32c/lib/thumb/v7e-m+dp/hard\libc-musl.a(__fmt_u.o)
 .debug_info    0x000c8f90      0x8f9 c:/program files/microchip/xc32/v4.00/bin/bin/../../lib/gcc/pic32c/8.3.1/../../../../pic32c/lib/thumb/v7e-m+dp/hard\libc-musl.a(__fmt_x.o)
 .debug_info    0x000c9889      0x766 c:/program files/microchip/xc32/v4.00/bin/bin/../../lib/gcc/pic32c/8.3.1/../../../../pic32c/lib/thumb/v7e-m+dp/hard\libc-musl.a(__pop_float.o)
 .debug_info    0x000c9fef      0x78a c:/program files/microchip/xc32/v4.00/bin/bin/../../lib/gcc/pic32c/8.3.1/../../../../pic32c/lib/thumb/v7e-m+dp/hard\libc-musl.a(__pop_int.o)
 .debug_info    0x000ca779      0x781 c:/program files/microchip/xc32/v4.00/bin/bin/../../lib/gcc/pic32c/8.3.1/../../../../pic32c/lib/thumb/v7e-m+dp/hard\libc-musl.a(__pop_ptr.o)
 .debug_info    0x000caefa       0x26 c:/program files/microchip/xc32/v4.00/bin/bin/../../lib/gcc/pic32c/8.3.1/thumb/v7e-m+dp/hard\libgcc.a(_aeabi_uldivmod.o)
 .debug_info    0x000caf20     0x1ff0 c:/program files/microchip/xc32/v4.00/bin/bin/../../lib/gcc/pic32c/8.3.1/thumb/v7e-m+dp/hard\libgcc.a(_udivmoddi4.o)
 .debug_info    0x000ccf10       0x26 c:/program files/microchip/xc32/v4.00/bin/bin/../../lib/gcc/pic32c/8.3.1/thumb/v7e-m+dp/hard\libgcc.a(_dvmd_tls.o)
 .debug_info    0x000ccf36      0x2c4 c:/program files/microchip/xc32/v4.00/bin/bin/../../lib/gcc/pic32c/8.3.1/../../../../pic32c/lib/thumb/v7e-m+dp/hard\libpic32c.a(sbrk.o)

.debug_abbrev   0x00000000     0xdfe2
 .debug_abbrev  0x00000000       0xd1 build/sam_e70_xult/production/_ext/917764137/bsp.o
 .debug_abbrev  0x000000d1      0x55a build/sam_e70_xult/production/_ext/1015456894/drv_ethphy.o
 .debug_abbrev  0x0000062b      0x1ee build/sam_e70_xult/production/_ext/1015456894/drv_extphy_ksz8061.o
 .debug_abbrev  0x00000819      0x67a build/sam_e70_xult/production/_ext/629088514/drv_gmac.o
 .debug_abbrev  0x00000e93      0x645 build/sam_e70_xult/production/_ext/629088514/drv_gmac_lib_samE7x_V7x.o
 .debug_abbrev  0x000014d8      0x689 build/sam_e70_xult/production/_ext/478869302/drv_miim.o
 .debug_abbrev  0x00001b61      0x1b2 build/sam_e70_xult/production/_ext/902702131/helpers.o
 .debug_abbrev  0x00001d13      0x462 build/sam_e70_xult/production/_ext/902702131/icmp.o
 .debug_abbrev  0x00002175      0x61d build/sam_e70_xult/production/_ext/902702131/arp.o
 .debug_abbrev  0x00002792      0x4f7 build/sam_e70_xult/production/_ext/902702131/tcpip_commands.o
 .debug_abbrev  0x00002c89      0x612 build/sam_e70_xult/production/_ext/902702131/ipv4.o
 .debug_abbrev  0x0000329b      0x2c7 build/sam_e70_xult/production/_ext/902702131/tcpip_heap_alloc.o
 .debug_abbrev  0x00003562      0x521 build/sam_e70_xult/production/_ext/902702131/tcpip_heap_internal.o
 .debug_abbrev  0x00003a83      0x678 build/sam_e70_xult/production/_ext/902702131/dhcp.o
 .debug_abbrev  0x000040fb      0x5cf build/sam_e70_xult/production/_ext/902702131/dns.o
 .debug_abbrev  0x000046ca       0xc7 build/sam_e70_xult/production/_ext/902702131/hash_fnv.o
 .debug_abbrev  0x00004791      0x2ea build/sam_e70_xult/production/_ext/902702131/oahash.o
 .debug_abbrev  0x00004a7b      0x646 build/sam_e70_xult/production/_ext/902702131/tcpip_helpers.o
 .debug_abbrev  0x000050c1      0x7d7 build/sam_e70_xult/production/_ext/902702131/tcpip_manager.o
 .debug_abbrev  0x00005898      0x34b build/sam_e70_xult/production/_ext/902702131/tcpip_notify.o
 .debug_abbrev  0x00005be3      0x53e build/sam_e70_xult/production/_ext/902702131/tcpip_packet.o
 .debug_abbrev  0x00006121      0x69c build/sam_e70_xult/production/_ext/902702131/udp.o
 .debug_abbrev  0x000067bd      0x222 build/sam_e70_xult/production/_ext/1639147296/plib_afec1.o
 .debug_abbrev  0x000069df       0xd5 build/sam_e70_xult/production/_ext/1055500827/plib_clk.o
 .debug_abbrev  0x00006ab4      0x1f5 build/sam_e70_xult/production/_ext/1055499099/plib_efc.o
 .debug_abbrev  0x00006ca9       0xe4 build/sam_e70_xult/production/_ext/1055491083/plib_mpu.o
 .debug_abbrev  0x00006d8d      0x213 build/sam_e70_xult/production/_ext/1639550079/plib_nvic.o
 .debug_abbrev  0x00006fa0      0x180 build/sam_e70_xult/production/_ext/1055488423/plib_pio.o
 .debug_abbrev  0x00007120      0x1b6 build/sam_e70_xult/production/_ext/865331892/plib_tc0.o
 .debug_abbrev  0x000072d6      0x4af build/sam_e70_xult/production/_ext/707186936/plib_usart1.o
 .debug_abbrev  0x00007785      0x52c build/sam_e70_xult/production/_ext/1497066986/sys_command.o
 .debug_abbrev  0x00007cb1      0x4ba build/sam_e70_xult/production/_ext/1953779166/sys_console_uart.o
 .debug_abbrev  0x0000816b      0x437 build/sam_e70_xult/production/_ext/1953779166/sys_console.o
 .debug_abbrev  0x000085a2      0x1f5 build/sam_e70_xult/production/_ext/1763620194/sys_debug.o
 .debug_abbrev  0x00008797      0x267 build/sam_e70_xult/production/_ext/766002106/sys_int.o
 .debug_abbrev  0x000089fe      0x102 build/sam_e70_xult/production/_ext/862666043/sys_reset.o
 .debug_abbrev  0x00008b00      0x592 build/sam_e70_xult/production/_ext/327803284/sys_time.o
 .debug_abbrev  0x00009092      0x17e build/sam_e70_xult/production/_ext/157960187/sys_time_h2_adapter.o
 .debug_abbrev  0x00009210      0x290 build/sam_e70_xult/production/_ext/1728594169/tasks.o
 .debug_abbrev  0x000094a0      0x393 build/sam_e70_xult/production/_ext/1728594169/initialization.o
 .debug_abbrev  0x00009833      0x283 build/sam_e70_xult/production/_ext/1728594169/interrupts.o
 .debug_abbrev  0x00009ab6      0x25e build/sam_e70_xult/production/_ext/1728594169/exceptions.o
 .debug_abbrev  0x00009d14      0x223 build/sam_e70_xult/production/_ext/1728594169/startup_xc32.o
 .debug_abbrev  0x00009f37      0x338 build/sam_e70_xult/production/_ext/1360937237/app.o
 .debug_abbrev  0x0000a26f      0x297 build/sam_e70_xult/production/_ext/1360937237/main.o
 .debug_abbrev  0x0000a506       0x2e c:/program files/microchip/xc32/v4.00/bin/bin/../../lib/gcc/pic32c/8.3.1/../../../../pic32c/lib/thumb/v7e-m+dp/hard\libpic32c.a(data_init.o)
 .debug_abbrev  0x0000a534      0x126 c:/program files/microchip/xc32/v4.00/bin/bin/../../lib/gcc/pic32c/8.3.1/../../../../pic32c/lib/thumb/v7e-m+dp/hard\libc-musl.a(isalnum.o)
 .debug_abbrev  0x0000a65a      0x126 c:/program files/microchip/xc32/v4.00/bin/bin/../../lib/gcc/pic32c/8.3.1/../../../../pic32c/lib/thumb/v7e-m+dp/hard\libc-musl.a(isxdigit.o)
 .debug_abbrev  0x0000a780      0x126 c:/program files/microchip/xc32/v4.00/bin/bin/../../lib/gcc/pic32c/8.3.1/../../../../pic32c/lib/thumb/v7e-m+dp/hard\libc-musl.a(tolower.o)
 .debug_abbrev  0x0000a8a6      0x126 c:/program files/microchip/xc32/v4.00/bin/bin/../../lib/gcc/pic32c/8.3.1/../../../../pic32c/lib/thumb/v7e-m+dp/hard\libc-musl.a(toupper.o)
 .debug_abbrev  0x0000a9cc      0x126 c:/program files/microchip/xc32/v4.00/bin/bin/../../lib/gcc/pic32c/8.3.1/../../../../pic32c/lib/thumb/v7e-m+dp/hard\libc-musl.a(__libc_start_main.o)
 .debug_abbrev  0x0000aaf2       0xc7 c:/program files/microchip/xc32/v4.00/bin/bin/../../lib/gcc/pic32c/8.3.1/../../../../pic32c/lib/thumb/v7e-m+dp/hard\libc-musl.a(libc.o)
 .debug_abbrev  0x0000abb9       0xaa c:/program files/microchip/xc32/v4.00/bin/bin/../../lib/gcc/pic32c/8.3.1/../../../../pic32c/lib/thumb/v7e-m+dp/hard\libc-musl.a(calloc.o)
 .debug_abbrev  0x0000ac63      0x413 c:/program files/microchip/xc32/v4.00/bin/bin/../../lib/gcc/pic32c/8.3.1/../../../../pic32c/lib/thumb/v7e-m+dp/hard\libc-musl.a(malloc.o)
 .debug_abbrev  0x0000b076      0x112 c:/program files/microchip/xc32/v4.00/bin/bin/../../lib/gcc/pic32c/8.3.1/../../../../pic32c/lib/thumb/v7e-m+dp/hard\libc-musl.a(expand_heap.o)
 .debug_abbrev  0x0000b188       0x8b c:/program files/microchip/xc32/v4.00/bin/bin/../../lib/gcc/pic32c/8.3.1/../../../../pic32c/lib/thumb/v7e-m+dp/hard\libc-musl.a(rand.o)
 .debug_abbrev  0x0000b213      0x168 c:/program files/microchip/xc32/v4.00/bin/bin/../../lib/gcc/pic32c/8.3.1/../../../../pic32c/lib/thumb/v7e-m+dp/hard\libc-musl.a(vsnprintf.o)
 .debug_abbrev  0x0000b37b      0x126 c:/program files/microchip/xc32/v4.00/bin/bin/../../lib/gcc/pic32c/8.3.1/../../../../pic32c/lib/thumb/v7e-m+dp/hard\libc-musl.a(snprintf.o)
 .debug_abbrev  0x0000b4a1      0x126 c:/program files/microchip/xc32/v4.00/bin/bin/../../lib/gcc/pic32c/8.3.1/../../../../pic32c/lib/thumb/v7e-m+dp/hard\libc-musl.a(sprintf.o)
 .debug_abbrev  0x0000b5c7       0xee c:/program files/microchip/xc32/v4.00/bin/bin/../../lib/gcc/pic32c/8.3.1/../../../../pic32c/lib/thumb/v7e-m+dp/hard\libc-musl.a(vsprintf.o)
 .debug_abbrev  0x0000b6b5       0xbb c:/program files/microchip/xc32/v4.00/bin/bin/../../lib/gcc/pic32c/8.3.1/../../../../pic32c/lib/thumb/v7e-m+dp/hard\libc-musl.a(atoi.o)
 .debug_abbrev  0x0000b770      0x1da c:/program files/microchip/xc32/v4.00/bin/bin/../../lib/gcc/pic32c/8.3.1/../../../../pic32c/lib/thumb/v7e-m+dp/hard\libc-musl.a(strtol.o)
 .debug_abbrev  0x0000b94a       0x8b c:/program files/microchip/xc32/v4.00/bin/bin/../../lib/gcc/pic32c/8.3.1/../../../../pic32c/lib/thumb/v7e-m+dp/hard\libc-musl.a(memcmp.o)
 .debug_abbrev  0x0000b9d5       0x9c c:/program files/microchip/xc32/v4.00/bin/bin/../../lib/gcc/pic32c/8.3.1/../../../../pic32c/lib/thumb/v7e-m+dp/hard\libc-musl.a(memcpy.o)
 .debug_abbrev  0x0000ba71       0x97 c:/program files/microchip/xc32/v4.00/bin/bin/../../lib/gcc/pic32c/8.3.1/../../../../pic32c/lib/thumb/v7e-m+dp/hard\libc-musl.a(memset.o)
 .debug_abbrev  0x0000bb08       0x86 c:/program files/microchip/xc32/v4.00/bin/bin/../../lib/gcc/pic32c/8.3.1/../../../../pic32c/lib/thumb/v7e-m+dp/hard\libc-musl.a(strlen.o)
 .debug_abbrev  0x0000bb8e       0xa2 c:/program files/microchip/xc32/v4.00/bin/bin/../../lib/gcc/pic32c/8.3.1/../../../../pic32c/lib/thumb/v7e-m+dp/hard\libc-musl.a(strchr.o)
 .debug_abbrev  0x0000bc30      0x158 c:/program files/microchip/xc32/v4.00/bin/bin/../../lib/gcc/pic32c/8.3.1/../../../../pic32c/lib/thumb/v7e-m+dp/hard\libc-musl.a(strchrnul.o)
 .debug_abbrev  0x0000bd88       0x63 c:/program files/microchip/xc32/v4.00/bin/bin/../../lib/gcc/pic32c/8.3.1/../../../../pic32c/lib/thumb/v7e-m+dp/hard\libc-musl.a(strcmp.o)
 .debug_abbrev  0x0000bdeb       0x8e c:/program files/microchip/xc32/v4.00/bin/bin/../../lib/gcc/pic32c/8.3.1/../../../../pic32c/lib/thumb/v7e-m+dp/hard\libc-musl.a(strcpy.o)
 .debug_abbrev  0x0000be79       0x86 c:/program files/microchip/xc32/v4.00/bin/bin/../../lib/gcc/pic32c/8.3.1/../../../../pic32c/lib/thumb/v7e-m+dp/hard\libc-musl.a(strncmp.o)
 .debug_abbrev  0x0000beff       0x9d c:/program files/microchip/xc32/v4.00/bin/bin/../../lib/gcc/pic32c/8.3.1/../../../../pic32c/lib/thumb/v7e-m+dp/hard\libc-musl.a(strncpy.o)
 .debug_abbrev  0x0000bf9c       0xac c:/program files/microchip/xc32/v4.00/bin/bin/../../lib/gcc/pic32c/8.3.1/../../../../pic32c/lib/thumb/v7e-m+dp/hard\libc-musl.a(strtok.o)
 .debug_abbrev  0x0000c048       0xc7 c:/program files/microchip/xc32/v4.00/bin/bin/../../lib/gcc/pic32c/8.3.1/../../../../pic32c/lib/thumb/v7e-m+dp/hard\libc-musl.a(__environ.o)
 .debug_abbrev  0x0000c10f       0xba c:/program files/microchip/xc32/v4.00/bin/bin/../../lib/gcc/pic32c/8.3.1/../../../../pic32c/lib/thumb/v7e-m+dp/hard\libc-musl.a(__errno_location.o)
 .debug_abbrev  0x0000c1c9      0x1cb c:/program files/microchip/xc32/v4.00/bin/bin/../../lib/gcc/pic32c/8.3.1/../../../../pic32c/lib/thumb/v7e-m+dp/hard\libc-musl.a(intscan.o)
 .debug_abbrev  0x0000c394      0x15d c:/program files/microchip/xc32/v4.00/bin/bin/../../lib/gcc/pic32c/8.3.1/../../../../pic32c/lib/thumb/v7e-m+dp/hard\libc-musl.a(shgetc.o)
 .debug_abbrev  0x0000c4f1      0x138 c:/program files/microchip/xc32/v4.00/bin/bin/../../lib/gcc/pic32c/8.3.1/../../../../pic32c/lib/thumb/v7e-m+dp/hard\libc-musl.a(__uflow.o)
 .debug_abbrev  0x0000c629      0x180 c:/program files/microchip/xc32/v4.00/bin/bin/../../lib/gcc/pic32c/8.3.1/../../../../pic32c/lib/thumb/v7e-m+dp/hard\libc-musl.a(vfprintf.o)
 .debug_abbrev  0x0000c7a9       0xdf c:/program files/microchip/xc32/v4.00/bin/bin/../../lib/gcc/pic32c/8.3.1/../../../../pic32c/lib/thumb/v7e-m+dp/hard\libc-musl.a(stpcpy.o)
 .debug_abbrev  0x0000c888       0xf3 c:/program files/microchip/xc32/v4.00/bin/bin/../../lib/gcc/pic32c/8.3.1/../../../../pic32c/lib/thumb/v7e-m+dp/hard\libc-musl.a(stpncpy.o)
 .debug_abbrev  0x0000c97b       0xf5 c:/program files/microchip/xc32/v4.00/bin/bin/../../lib/gcc/pic32c/8.3.1/../../../../pic32c/lib/thumb/v7e-m+dp/hard\libc-musl.a(strcspn.o)
 .debug_abbrev  0x0000ca70       0xd2 c:/program files/microchip/xc32/v4.00/bin/bin/../../lib/gcc/pic32c/8.3.1/../../../../pic32c/lib/thumb/v7e-m+dp/hard\libc-musl.a(strspn.o)
 .debug_abbrev  0x0000cb42      0x142 c:/program files/microchip/xc32/v4.00/bin/bin/../../lib/gcc/pic32c/8.3.1/../../../../pic32c/lib/thumb/v7e-m+dp/hard\libc-musl.a(__toread.o)
 .debug_abbrev  0x0000cc84      0x2e8 c:/program files/microchip/xc32/v4.00/bin/bin/../../lib/gcc/pic32c/8.3.1/../../../../pic32c/lib/thumb/v7e-m+dp/hard\libc-musl.a(__printf_core.o)
 .debug_abbrev  0x0000cf6c      0x1ff c:/program files/microchip/xc32/v4.00/bin/bin/../../lib/gcc/pic32c/8.3.1/../../../../pic32c/lib/thumb/v7e-m+dp/hard\libc-musl.a(__fmt_a.o)
 .debug_abbrev  0x0000d16b      0x16f c:/program files/microchip/xc32/v4.00/bin/bin/../../lib/gcc/pic32c/8.3.1/../../../../pic32c/lib/thumb/v7e-m+dp/hard\libc-musl.a(__fmt_d.o)
 .debug_abbrev  0x0000d2da      0x1f0 c:/program files/microchip/xc32/v4.00/bin/bin/../../lib/gcc/pic32c/8.3.1/../../../../pic32c/lib/thumb/v7e-m+dp/hard\libc-musl.a(__fmt_fp.o)
 .debug_abbrev  0x0000d4ca      0x16f c:/program files/microchip/xc32/v4.00/bin/bin/../../lib/gcc/pic32c/8.3.1/../../../../pic32c/lib/thumb/v7e-m+dp/hard\libc-musl.a(__fmt_o.o)
 .debug_abbrev  0x0000d639      0x14f c:/program files/microchip/xc32/v4.00/bin/bin/../../lib/gcc/pic32c/8.3.1/../../../../pic32c/lib/thumb/v7e-m+dp/hard\libc-musl.a(__fmt_s.o)
 .debug_abbrev  0x0000d788      0x1b2 c:/program files/microchip/xc32/v4.00/bin/bin/../../lib/gcc/pic32c/8.3.1/../../../../pic32c/lib/thumb/v7e-m+dp/hard\libc-musl.a(__fmt_u.o)
 .debug_abbrev  0x0000d93a      0x15e c:/program files/microchip/xc32/v4.00/bin/bin/../../lib/gcc/pic32c/8.3.1/../../../../pic32c/lib/thumb/v7e-m+dp/hard\libc-musl.a(__fmt_x.o)
 .debug_abbrev  0x0000da98      0x11b c:/program files/microchip/xc32/v4.00/bin/bin/../../lib/gcc/pic32c/8.3.1/../../../../pic32c/lib/thumb/v7e-m+dp/hard\libc-musl.a(__pop_float.o)
 .debug_abbrev  0x0000dbb3      0x11b c:/program files/microchip/xc32/v4.00/bin/bin/../../lib/gcc/pic32c/8.3.1/../../../../pic32c/lib/thumb/v7e-m+dp/hard\libc-musl.a(__pop_int.o)
 .debug_abbrev  0x0000dcce      0x12c c:/program files/microchip/xc32/v4.00/bin/bin/../../lib/gcc/pic32c/8.3.1/../../../../pic32c/lib/thumb/v7e-m+dp/hard\libc-musl.a(__pop_ptr.o)
 .debug_abbrev  0x0000ddfa       0x14 c:/program files/microchip/xc32/v4.00/bin/bin/../../lib/gcc/pic32c/8.3.1/thumb/v7e-m+dp/hard\libgcc.a(_aeabi_uldivmod.o)
 .debug_abbrev  0x0000de0e      0x192 c:/program files/microchip/xc32/v4.00/bin/bin/../../lib/gcc/pic32c/8.3.1/thumb/v7e-m+dp/hard\libgcc.a(_udivmoddi4.o)
 .debug_abbrev  0x0000dfa0       0x14 c:/program files/microchip/xc32/v4.00/bin/bin/../../lib/gcc/pic32c/8.3.1/thumb/v7e-m+dp/hard\libgcc.a(_dvmd_tls.o)
 .debug_abbrev  0x0000dfb4       0x2e c:/program files/microchip/xc32/v4.00/bin/bin/../../lib/gcc/pic32c/8.3.1/../../../../pic32c/lib/thumb/v7e-m+dp/hard\libpic32c.a(sbrk.o)

.debug_aranges  0x00000000     0x2678
 .debug_aranges
                0x00000000       0x20 build/sam_e70_xult/production/_ext/917764137/bsp.o
 .debug_aranges
                0x00000020      0x248 build/sam_e70_xult/production/_ext/1015456894/drv_ethphy.o
 .debug_aranges
                0x00000268       0x30 build/sam_e70_xult/production/_ext/1015456894/drv_extphy_ksz8061.o
 .debug_aranges
                0x00000298      0x278 build/sam_e70_xult/production/_ext/629088514/drv_gmac.o
 .debug_aranges
                0x00000510      0x168 build/sam_e70_xult/production/_ext/629088514/drv_gmac_lib_samE7x_V7x.o
 .debug_aranges
                0x00000678       0xe0 build/sam_e70_xult/production/_ext/478869302/drv_miim.o
 .debug_aranges
                0x00000758       0x48 build/sam_e70_xult/production/_ext/902702131/helpers.o
 .debug_aranges
                0x000007a0       0x38 build/sam_e70_xult/production/_ext/902702131/icmp.o
 .debug_aranges
                0x000007d8      0x110 build/sam_e70_xult/production/_ext/902702131/arp.o
 .debug_aranges
                0x000008e8       0xb8 build/sam_e70_xult/production/_ext/902702131/tcpip_commands.o
 .debug_aranges
                0x000009a0       0xf0 build/sam_e70_xult/production/_ext/902702131/ipv4.o
 .debug_aranges
                0x00000a90       0x48 build/sam_e70_xult/production/_ext/902702131/tcpip_heap_alloc.o
 .debug_aranges
                0x00000ad8       0x68 build/sam_e70_xult/production/_ext/902702131/tcpip_heap_internal.o
 .debug_aranges
                0x00000b40      0x188 build/sam_e70_xult/production/_ext/902702131/dhcp.o
 .debug_aranges
                0x00000cc8      0x130 build/sam_e70_xult/production/_ext/902702131/dns.o
 .debug_aranges
                0x00000df8       0x28 build/sam_e70_xult/production/_ext/902702131/hash_fnv.o
 .debug_aranges
                0x00000e20       0x50 build/sam_e70_xult/production/_ext/902702131/oahash.o
 .debug_aranges
                0x00000e70      0x218 build/sam_e70_xult/production/_ext/902702131/tcpip_helpers.o
 .debug_aranges
                0x00001088      0x398 build/sam_e70_xult/production/_ext/902702131/tcpip_manager.o
 .debug_aranges
                0x00001420       0x48 build/sam_e70_xult/production/_ext/902702131/tcpip_notify.o
 .debug_aranges
                0x00001468       0x88 build/sam_e70_xult/production/_ext/902702131/tcpip_packet.o
 .debug_aranges
                0x000014f0      0x1b8 build/sam_e70_xult/production/_ext/902702131/udp.o
 .debug_aranges
                0x000016a8       0xa0 build/sam_e70_xult/production/_ext/1639147296/plib_afec1.o
 .debug_aranges
                0x00001748       0x20 build/sam_e70_xult/production/_ext/1055500827/plib_clk.o
 .debug_aranges
                0x00001768       0x70 build/sam_e70_xult/production/_ext/1055499099/plib_efc.o
 .debug_aranges
                0x000017d8       0x20 build/sam_e70_xult/production/_ext/1055491083/plib_mpu.o
 .debug_aranges
                0x000017f8       0x38 build/sam_e70_xult/production/_ext/1639550079/plib_nvic.o
 .debug_aranges
                0x00001830       0x60 build/sam_e70_xult/production/_ext/1055488423/plib_pio.o
 .debug_aranges
                0x00001890       0x68 build/sam_e70_xult/production/_ext/865331892/plib_tc0.o
 .debug_aranges
                0x000018f8       0xc8 build/sam_e70_xult/production/_ext/707186936/plib_usart1.o
 .debug_aranges
                0x000019c0       0xf0 build/sam_e70_xult/production/_ext/1497066986/sys_command.o
 .debug_aranges
                0x00001ab0       0x68 build/sam_e70_xult/production/_ext/1953779166/sys_console_uart.o
 .debug_aranges
                0x00001b18       0x88 build/sam_e70_xult/production/_ext/1953779166/sys_console.o
 .debug_aranges
                0x00001ba0       0x48 build/sam_e70_xult/production/_ext/1763620194/sys_debug.o
 .debug_aranges
                0x00001be8       0x40 build/sam_e70_xult/production/_ext/766002106/sys_int.o
 .debug_aranges
                0x00001c28       0x20 build/sam_e70_xult/production/_ext/862666043/sys_reset.o
 .debug_aranges
                0x00001c48      0x128 build/sam_e70_xult/production/_ext/327803284/sys_time.o
 .debug_aranges
                0x00001d70       0x40 build/sam_e70_xult/production/_ext/157960187/sys_time_h2_adapter.o
 .debug_aranges
                0x00001db0       0x20 build/sam_e70_xult/production/_ext/1728594169/tasks.o
 .debug_aranges
                0x00001dd0       0x28 build/sam_e70_xult/production/_ext/1728594169/initialization.o
 .debug_aranges
                0x00001df8       0x20 build/sam_e70_xult/production/_ext/1728594169/interrupts.o
 .debug_aranges
                0x00001e18       0x48 build/sam_e70_xult/production/_ext/1728594169/exceptions.o
 .debug_aranges
                0x00001e60       0x28 build/sam_e70_xult/production/_ext/1728594169/startup_xc32.o
 .debug_aranges
                0x00001e88       0x28 build/sam_e70_xult/production/_ext/1360937237/app.o
 .debug_aranges
                0x00001eb0       0x20 build/sam_e70_xult/production/_ext/1360937237/main.o
 .debug_aranges
                0x00001ed0       0x20 c:/program files/microchip/xc32/v4.00/bin/bin/../../lib/gcc/pic32c/8.3.1/../../../../pic32c/lib/thumb/v7e-m+dp/hard\libpic32c.a(data_init.o)
 .debug_aranges
                0x00001ef0       0x28 c:/program files/microchip/xc32/v4.00/bin/bin/../../lib/gcc/pic32c/8.3.1/../../../../pic32c/lib/thumb/v7e-m+dp/hard\libc-musl.a(isalnum.o)
 .debug_aranges
                0x00001f18       0x28 c:/program files/microchip/xc32/v4.00/bin/bin/../../lib/gcc/pic32c/8.3.1/../../../../pic32c/lib/thumb/v7e-m+dp/hard\libc-musl.a(isxdigit.o)
 .debug_aranges
                0x00001f40       0x28 c:/program files/microchip/xc32/v4.00/bin/bin/../../lib/gcc/pic32c/8.3.1/../../../../pic32c/lib/thumb/v7e-m+dp/hard\libc-musl.a(tolower.o)
 .debug_aranges
                0x00001f68       0x28 c:/program files/microchip/xc32/v4.00/bin/bin/../../lib/gcc/pic32c/8.3.1/../../../../pic32c/lib/thumb/v7e-m+dp/hard\libc-musl.a(toupper.o)
 .debug_aranges
                0x00001f90       0x28 c:/program files/microchip/xc32/v4.00/bin/bin/../../lib/gcc/pic32c/8.3.1/../../../../pic32c/lib/thumb/v7e-m+dp/hard\libc-musl.a(__libc_start_main.o)
 .debug_aranges
                0x00001fb8       0x18 c:/program files/microchip/xc32/v4.00/bin/bin/../../lib/gcc/pic32c/8.3.1/../../../../pic32c/lib/thumb/v7e-m+dp/hard\libc-musl.a(libc.o)
 .debug_aranges
                0x00001fd0       0x20 c:/program files/microchip/xc32/v4.00/bin/bin/../../lib/gcc/pic32c/8.3.1/../../../../pic32c/lib/thumb/v7e-m+dp/hard\libc-musl.a(calloc.o)
 .debug_aranges
                0x00001ff0       0x70 c:/program files/microchip/xc32/v4.00/bin/bin/../../lib/gcc/pic32c/8.3.1/../../../../pic32c/lib/thumb/v7e-m+dp/hard\libc-musl.a(malloc.o)
 .debug_aranges
                0x00002060       0x20 c:/program files/microchip/xc32/v4.00/bin/bin/../../lib/gcc/pic32c/8.3.1/../../../../pic32c/lib/thumb/v7e-m+dp/hard\libc-musl.a(expand_heap.o)
 .debug_aranges
                0x00002080       0x28 c:/program files/microchip/xc32/v4.00/bin/bin/../../lib/gcc/pic32c/8.3.1/../../../../pic32c/lib/thumb/v7e-m+dp/hard\libc-musl.a(rand.o)
 .debug_aranges
                0x000020a8       0x20 c:/program files/microchip/xc32/v4.00/bin/bin/../../lib/gcc/pic32c/8.3.1/../../../../pic32c/lib/thumb/v7e-m+dp/hard\libc-musl.a(vsnprintf.o)
 .debug_aranges
                0x000020c8       0x20 c:/program files/microchip/xc32/v4.00/bin/bin/../../lib/gcc/pic32c/8.3.1/../../../../pic32c/lib/thumb/v7e-m+dp/hard\libc-musl.a(snprintf.o)
 .debug_aranges
                0x000020e8       0x20 c:/program files/microchip/xc32/v4.00/bin/bin/../../lib/gcc/pic32c/8.3.1/../../../../pic32c/lib/thumb/v7e-m+dp/hard\libc-musl.a(sprintf.o)
 .debug_aranges
                0x00002108       0x20 c:/program files/microchip/xc32/v4.00/bin/bin/../../lib/gcc/pic32c/8.3.1/../../../../pic32c/lib/thumb/v7e-m+dp/hard\libc-musl.a(vsprintf.o)
 .debug_aranges
                0x00002128       0x20 c:/program files/microchip/xc32/v4.00/bin/bin/../../lib/gcc/pic32c/8.3.1/../../../../pic32c/lib/thumb/v7e-m+dp/hard\libc-musl.a(atoi.o)
 .debug_aranges
                0x00002148       0x50 c:/program files/microchip/xc32/v4.00/bin/bin/../../lib/gcc/pic32c/8.3.1/../../../../pic32c/lib/thumb/v7e-m+dp/hard\libc-musl.a(strtol.o)
 .debug_aranges
                0x00002198       0x20 c:/program files/microchip/xc32/v4.00/bin/bin/../../lib/gcc/pic32c/8.3.1/../../../../pic32c/lib/thumb/v7e-m+dp/hard\libc-musl.a(memcmp.o)
 .debug_aranges
                0x000021b8       0x20 c:/program files/microchip/xc32/v4.00/bin/bin/../../lib/gcc/pic32c/8.3.1/../../../../pic32c/lib/thumb/v7e-m+dp/hard\libc-musl.a(memcpy.o)
 .debug_aranges
                0x000021d8       0x20 c:/program files/microchip/xc32/v4.00/bin/bin/../../lib/gcc/pic32c/8.3.1/../../../../pic32c/lib/thumb/v7e-m+dp/hard\libc-musl.a(memset.o)
 .debug_aranges
                0x000021f8       0x20 c:/program files/microchip/xc32/v4.00/bin/bin/../../lib/gcc/pic32c/8.3.1/../../../../pic32c/lib/thumb/v7e-m+dp/hard\libc-musl.a(strlen.o)
 .debug_aranges
                0x00002218       0x20 c:/program files/microchip/xc32/v4.00/bin/bin/../../lib/gcc/pic32c/8.3.1/../../../../pic32c/lib/thumb/v7e-m+dp/hard\libc-musl.a(strchr.o)
 .debug_aranges
                0x00002238       0x20 c:/program files/microchip/xc32/v4.00/bin/bin/../../lib/gcc/pic32c/8.3.1/../../../../pic32c/lib/thumb/v7e-m+dp/hard\libc-musl.a(strchrnul.o)
 .debug_aranges
                0x00002258       0x20 c:/program files/microchip/xc32/v4.00/bin/bin/../../lib/gcc/pic32c/8.3.1/../../../../pic32c/lib/thumb/v7e-m+dp/hard\libc-musl.a(strcmp.o)
 .debug_aranges
                0x00002278       0x20 c:/program files/microchip/xc32/v4.00/bin/bin/../../lib/gcc/pic32c/8.3.1/../../../../pic32c/lib/thumb/v7e-m+dp/hard\libc-musl.a(strcpy.o)
 .debug_aranges
                0x00002298       0x20 c:/program files/microchip/xc32/v4.00/bin/bin/../../lib/gcc/pic32c/8.3.1/../../../../pic32c/lib/thumb/v7e-m+dp/hard\libc-musl.a(strncmp.o)
 .debug_aranges
                0x000022b8       0x20 c:/program files/microchip/xc32/v4.00/bin/bin/../../lib/gcc/pic32c/8.3.1/../../../../pic32c/lib/thumb/v7e-m+dp/hard\libc-musl.a(strncpy.o)
 .debug_aranges
                0x000022d8       0x20 c:/program files/microchip/xc32/v4.00/bin/bin/../../lib/gcc/pic32c/8.3.1/../../../../pic32c/lib/thumb/v7e-m+dp/hard\libc-musl.a(strtok.o)
 .debug_aranges
                0x000022f8       0x18 c:/program files/microchip/xc32/v4.00/bin/bin/../../lib/gcc/pic32c/8.3.1/../../../../pic32c/lib/thumb/v7e-m+dp/hard\libc-musl.a(__environ.o)
 .debug_aranges
                0x00002310       0x18 c:/program files/microchip/xc32/v4.00/bin/bin/../../lib/gcc/pic32c/8.3.1/../../../../pic32c/lib/thumb/v7e-m+dp/hard\libc-musl.a(__errno_location.o)
 .debug_aranges
                0x00002328       0x20 c:/program files/microchip/xc32/v4.00/bin/bin/../../lib/gcc/pic32c/8.3.1/../../../../pic32c/lib/thumb/v7e-m+dp/hard\libc-musl.a(intscan.o)
 .debug_aranges
                0x00002348       0x28 c:/program files/microchip/xc32/v4.00/bin/bin/../../lib/gcc/pic32c/8.3.1/../../../../pic32c/lib/thumb/v7e-m+dp/hard\libc-musl.a(shgetc.o)
 .debug_aranges
                0x00002370       0x20 c:/program files/microchip/xc32/v4.00/bin/bin/../../lib/gcc/pic32c/8.3.1/../../../../pic32c/lib/thumb/v7e-m+dp/hard\libc-musl.a(__uflow.o)
 .debug_aranges
                0x00002390       0x28 c:/program files/microchip/xc32/v4.00/bin/bin/../../lib/gcc/pic32c/8.3.1/../../../../pic32c/lib/thumb/v7e-m+dp/hard\libc-musl.a(vfprintf.o)
 .debug_aranges
                0x000023b8       0x20 c:/program files/microchip/xc32/v4.00/bin/bin/../../lib/gcc/pic32c/8.3.1/../../../../pic32c/lib/thumb/v7e-m+dp/hard\libc-musl.a(stpcpy.o)
 .debug_aranges
                0x000023d8       0x20 c:/program files/microchip/xc32/v4.00/bin/bin/../../lib/gcc/pic32c/8.3.1/../../../../pic32c/lib/thumb/v7e-m+dp/hard\libc-musl.a(stpncpy.o)
 .debug_aranges
                0x000023f8       0x20 c:/program files/microchip/xc32/v4.00/bin/bin/../../lib/gcc/pic32c/8.3.1/../../../../pic32c/lib/thumb/v7e-m+dp/hard\libc-musl.a(strcspn.o)
 .debug_aranges
                0x00002418       0x20 c:/program files/microchip/xc32/v4.00/bin/bin/../../lib/gcc/pic32c/8.3.1/../../../../pic32c/lib/thumb/v7e-m+dp/hard\libc-musl.a(strspn.o)
 .debug_aranges
                0x00002438       0x28 c:/program files/microchip/xc32/v4.00/bin/bin/../../lib/gcc/pic32c/8.3.1/../../../../pic32c/lib/thumb/v7e-m+dp/hard\libc-musl.a(__toread.o)
 .debug_aranges
                0x00002460       0x50 c:/program files/microchip/xc32/v4.00/bin/bin/../../lib/gcc/pic32c/8.3.1/../../../../pic32c/lib/thumb/v7e-m+dp/hard\libc-musl.a(__printf_core.o)
 .debug_aranges
                0x000024b0       0x20 c:/program files/microchip/xc32/v4.00/bin/bin/../../lib/gcc/pic32c/8.3.1/../../../../pic32c/lib/thumb/v7e-m+dp/hard\libc-musl.a(__fmt_a.o)
 .debug_aranges
                0x000024d0       0x20 c:/program files/microchip/xc32/v4.00/bin/bin/../../lib/gcc/pic32c/8.3.1/../../../../pic32c/lib/thumb/v7e-m+dp/hard\libc-musl.a(__fmt_d.o)
 .debug_aranges
                0x000024f0       0x20 c:/program files/microchip/xc32/v4.00/bin/bin/../../lib/gcc/pic32c/8.3.1/../../../../pic32c/lib/thumb/v7e-m+dp/hard\libc-musl.a(__fmt_fp.o)
 .debug_aranges
                0x00002510       0x20 c:/program files/microchip/xc32/v4.00/bin/bin/../../lib/gcc/pic32c/8.3.1/../../../../pic32c/lib/thumb/v7e-m+dp/hard\libc-musl.a(__fmt_o.o)
 .debug_aranges
                0x00002530       0x20 c:/program files/microchip/xc32/v4.00/bin/bin/../../lib/gcc/pic32c/8.3.1/../../../../pic32c/lib/thumb/v7e-m+dp/hard\libc-musl.a(__fmt_s.o)
 .debug_aranges
                0x00002550       0x28 c:/program files/microchip/xc32/v4.00/bin/bin/../../lib/gcc/pic32c/8.3.1/../../../../pic32c/lib/thumb/v7e-m+dp/hard\libc-musl.a(__fmt_u.o)
 .debug_aranges
                0x00002578       0x20 c:/program files/microchip/xc32/v4.00/bin/bin/../../lib/gcc/pic32c/8.3.1/../../../../pic32c/lib/thumb/v7e-m+dp/hard\libc-musl.a(__fmt_x.o)
 .debug_aranges
                0x00002598       0x20 c:/program files/microchip/xc32/v4.00/bin/bin/../../lib/gcc/pic32c/8.3.1/../../../../pic32c/lib/thumb/v7e-m+dp/hard\libc-musl.a(__pop_float.o)
 .debug_aranges
                0x000025b8       0x20 c:/program files/microchip/xc32/v4.00/bin/bin/../../lib/gcc/pic32c/8.3.1/../../../../pic32c/lib/thumb/v7e-m+dp/hard\libc-musl.a(__pop_int.o)
 .debug_aranges
                0x000025d8       0x20 c:/program files/microchip/xc32/v4.00/bin/bin/../../lib/gcc/pic32c/8.3.1/../../../../pic32c/lib/thumb/v7e-m+dp/hard\libc-musl.a(__pop_ptr.o)
 .debug_aranges
                0x000025f8       0x20 c:/program files/microchip/xc32/v4.00/bin/bin/../../lib/gcc/pic32c/8.3.1/thumb/v7e-m+dp/hard\libgcc.a(_aeabi_uldivmod.o)
 .debug_aranges
                0x00002618       0x20 c:/program files/microchip/xc32/v4.00/bin/bin/../../lib/gcc/pic32c/8.3.1/thumb/v7e-m+dp/hard\libgcc.a(_udivmoddi4.o)
 .debug_aranges
                0x00002638       0x20 c:/program files/microchip/xc32/v4.00/bin/bin/../../lib/gcc/pic32c/8.3.1/thumb/v7e-m+dp/hard\libgcc.a(_dvmd_tls.o)
 .debug_aranges
                0x00002658       0x20 c:/program files/microchip/xc32/v4.00/bin/bin/../../lib/gcc/pic32c/8.3.1/../../../../pic32c/lib/thumb/v7e-m+dp/hard\libpic32c.a(sbrk.o)

.debug_ranges   0x00000000     0x4d70
 .debug_ranges  0x00000000       0x10 build/sam_e70_xult/production/_ext/917764137/bsp.o
 .debug_ranges  0x00000010      0x310 build/sam_e70_xult/production/_ext/1015456894/drv_ethphy.o
 .debug_ranges  0x00000320       0x20 build/sam_e70_xult/production/_ext/1015456894/drv_extphy_ksz8061.o
 .debug_ranges  0x00000340      0x3b0 build/sam_e70_xult/production/_ext/629088514/drv_gmac.o
 .debug_ranges  0x000006f0      0x340 build/sam_e70_xult/production/_ext/629088514/drv_gmac_lib_samE7x_V7x.o
 .debug_ranges  0x00000a30      0x458 build/sam_e70_xult/production/_ext/478869302/drv_miim.o
 .debug_ranges  0x00000e88       0x38 build/sam_e70_xult/production/_ext/902702131/helpers.o
 .debug_ranges  0x00000ec0       0x28 build/sam_e70_xult/production/_ext/902702131/icmp.o
 .debug_ranges  0x00000ee8      0x4a8 build/sam_e70_xult/production/_ext/902702131/arp.o
 .debug_ranges  0x00001390      0x168 build/sam_e70_xult/production/_ext/902702131/tcpip_commands.o
 .debug_ranges  0x000014f8      0x290 build/sam_e70_xult/production/_ext/902702131/ipv4.o
 .debug_ranges  0x00001788       0x38 build/sam_e70_xult/production/_ext/902702131/tcpip_heap_alloc.o
 .debug_ranges  0x000017c0      0x148 build/sam_e70_xult/production/_ext/902702131/tcpip_heap_internal.o
 .debug_ranges  0x00001908      0x508 build/sam_e70_xult/production/_ext/902702131/dhcp.o
 .debug_ranges  0x00001e10      0x310 build/sam_e70_xult/production/_ext/902702131/dns.o
 .debug_ranges  0x00002120       0x18 build/sam_e70_xult/production/_ext/902702131/hash_fnv.o
 .debug_ranges  0x00002138       0x40 build/sam_e70_xult/production/_ext/902702131/oahash.o
 .debug_ranges  0x00002178      0x4c0 build/sam_e70_xult/production/_ext/902702131/tcpip_helpers.o
 .debug_ranges  0x00002638      0xd30 build/sam_e70_xult/production/_ext/902702131/tcpip_manager.o
 .debug_ranges  0x00003368       0x38 build/sam_e70_xult/production/_ext/902702131/tcpip_notify.o
 .debug_ranges  0x000033a0       0xd8 build/sam_e70_xult/production/_ext/902702131/tcpip_packet.o
 .debug_ranges  0x00003478      0x7c0 build/sam_e70_xult/production/_ext/902702131/udp.o
 .debug_ranges  0x00003c38       0x90 build/sam_e70_xult/production/_ext/1639147296/plib_afec1.o
 .debug_ranges  0x00003cc8       0x10 build/sam_e70_xult/production/_ext/1055500827/plib_clk.o
 .debug_ranges  0x00003cd8       0x90 build/sam_e70_xult/production/_ext/1055499099/plib_efc.o
 .debug_ranges  0x00003d68       0x10 build/sam_e70_xult/production/_ext/1055491083/plib_mpu.o
 .debug_ranges  0x00003d78       0x28 build/sam_e70_xult/production/_ext/1639550079/plib_nvic.o
 .debug_ranges  0x00003da0       0x50 build/sam_e70_xult/production/_ext/1055488423/plib_pio.o
 .debug_ranges  0x00003df0       0x58 build/sam_e70_xult/production/_ext/865331892/plib_tc0.o
 .debug_ranges  0x00003e48      0x1a0 build/sam_e70_xult/production/_ext/707186936/plib_usart1.o
 .debug_ranges  0x00003fe8      0x1d0 build/sam_e70_xult/production/_ext/1497066986/sys_command.o
 .debug_ranges  0x000041b8      0x1a8 build/sam_e70_xult/production/_ext/1953779166/sys_console_uart.o
 .debug_ranges  0x00004360       0x90 build/sam_e70_xult/production/_ext/1953779166/sys_console.o
 .debug_ranges  0x000043f0       0x38 build/sam_e70_xult/production/_ext/1763620194/sys_debug.o
 .debug_ranges  0x00004428       0x48 build/sam_e70_xult/production/_ext/766002106/sys_int.o
 .debug_ranges  0x00004470       0x10 build/sam_e70_xult/production/_ext/862666043/sys_reset.o
 .debug_ranges  0x00004480      0x178 build/sam_e70_xult/production/_ext/327803284/sys_time.o
 .debug_ranges  0x000045f8       0x30 build/sam_e70_xult/production/_ext/157960187/sys_time_h2_adapter.o
 .debug_ranges  0x00004628       0x10 build/sam_e70_xult/production/_ext/1728594169/tasks.o
 .debug_ranges  0x00004638       0x18 build/sam_e70_xult/production/_ext/1728594169/initialization.o
 .debug_ranges  0x00004650       0x10 build/sam_e70_xult/production/_ext/1728594169/interrupts.o
 .debug_ranges  0x00004660       0x38 build/sam_e70_xult/production/_ext/1728594169/exceptions.o
 .debug_ranges  0x00004698       0x18 build/sam_e70_xult/production/_ext/1728594169/startup_xc32.o
 .debug_ranges  0x000046b0       0x30 build/sam_e70_xult/production/_ext/1360937237/app.o
 .debug_ranges  0x000046e0       0x10 build/sam_e70_xult/production/_ext/1360937237/main.o
 .debug_ranges  0x000046f0       0x10 c:/program files/microchip/xc32/v4.00/bin/bin/../../lib/gcc/pic32c/8.3.1/../../../../pic32c/lib/thumb/v7e-m+dp/hard\libpic32c.a(data_init.o)
 .debug_ranges  0x00004700       0x18 c:/program files/microchip/xc32/v4.00/bin/bin/../../lib/gcc/pic32c/8.3.1/../../../../pic32c/lib/thumb/v7e-m+dp/hard\libc-musl.a(isalnum.o)
 .debug_ranges  0x00004718       0x18 c:/program files/microchip/xc32/v4.00/bin/bin/../../lib/gcc/pic32c/8.3.1/../../../../pic32c/lib/thumb/v7e-m+dp/hard\libc-musl.a(isxdigit.o)
 .debug_ranges  0x00004730       0x18 c:/program files/microchip/xc32/v4.00/bin/bin/../../lib/gcc/pic32c/8.3.1/../../../../pic32c/lib/thumb/v7e-m+dp/hard\libc-musl.a(tolower.o)
 .debug_ranges  0x00004748       0x18 c:/program files/microchip/xc32/v4.00/bin/bin/../../lib/gcc/pic32c/8.3.1/../../../../pic32c/lib/thumb/v7e-m+dp/hard\libc-musl.a(toupper.o)
 .debug_ranges  0x00004760       0x40 c:/program files/microchip/xc32/v4.00/bin/bin/../../lib/gcc/pic32c/8.3.1/../../../../pic32c/lib/thumb/v7e-m+dp/hard\libc-musl.a(__libc_start_main.o)
 .debug_ranges  0x000047a0       0x10 c:/program files/microchip/xc32/v4.00/bin/bin/../../lib/gcc/pic32c/8.3.1/../../../../pic32c/lib/thumb/v7e-m+dp/hard\libc-musl.a(calloc.o)
 .debug_ranges  0x000047b0      0x1a0 c:/program files/microchip/xc32/v4.00/bin/bin/../../lib/gcc/pic32c/8.3.1/../../../../pic32c/lib/thumb/v7e-m+dp/hard\libc-musl.a(malloc.o)
 .debug_ranges  0x00004950       0x10 c:/program files/microchip/xc32/v4.00/bin/bin/../../lib/gcc/pic32c/8.3.1/../../../../pic32c/lib/thumb/v7e-m+dp/hard\libc-musl.a(expand_heap.o)
 .debug_ranges  0x00004960       0x18 c:/program files/microchip/xc32/v4.00/bin/bin/../../lib/gcc/pic32c/8.3.1/../../../../pic32c/lib/thumb/v7e-m+dp/hard\libc-musl.a(rand.o)
 .debug_ranges  0x00004978       0x10 c:/program files/microchip/xc32/v4.00/bin/bin/../../lib/gcc/pic32c/8.3.1/../../../../pic32c/lib/thumb/v7e-m+dp/hard\libc-musl.a(vsnprintf.o)
 .debug_ranges  0x00004988       0x10 c:/program files/microchip/xc32/v4.00/bin/bin/../../lib/gcc/pic32c/8.3.1/../../../../pic32c/lib/thumb/v7e-m+dp/hard\libc-musl.a(snprintf.o)
 .debug_ranges  0x00004998       0x10 c:/program files/microchip/xc32/v4.00/bin/bin/../../lib/gcc/pic32c/8.3.1/../../../../pic32c/lib/thumb/v7e-m+dp/hard\libc-musl.a(sprintf.o)
 .debug_ranges  0x000049a8       0x10 c:/program files/microchip/xc32/v4.00/bin/bin/../../lib/gcc/pic32c/8.3.1/../../../../pic32c/lib/thumb/v7e-m+dp/hard\libc-musl.a(vsprintf.o)
 .debug_ranges  0x000049b8       0x10 c:/program files/microchip/xc32/v4.00/bin/bin/../../lib/gcc/pic32c/8.3.1/../../../../pic32c/lib/thumb/v7e-m+dp/hard\libc-musl.a(atoi.o)
 .debug_ranges  0x000049c8       0x40 c:/program files/microchip/xc32/v4.00/bin/bin/../../lib/gcc/pic32c/8.3.1/../../../../pic32c/lib/thumb/v7e-m+dp/hard\libc-musl.a(strtol.o)
 .debug_ranges  0x00004a08       0x10 c:/program files/microchip/xc32/v4.00/bin/bin/../../lib/gcc/pic32c/8.3.1/../../../../pic32c/lib/thumb/v7e-m+dp/hard\libc-musl.a(memcmp.o)
 .debug_ranges  0x00004a18       0x10 c:/program files/microchip/xc32/v4.00/bin/bin/../../lib/gcc/pic32c/8.3.1/../../../../pic32c/lib/thumb/v7e-m+dp/hard\libc-musl.a(memcpy.o)
 .debug_ranges  0x00004a28       0x10 c:/program files/microchip/xc32/v4.00/bin/bin/../../lib/gcc/pic32c/8.3.1/../../../../pic32c/lib/thumb/v7e-m+dp/hard\libc-musl.a(memset.o)
 .debug_ranges  0x00004a38       0x10 c:/program files/microchip/xc32/v4.00/bin/bin/../../lib/gcc/pic32c/8.3.1/../../../../pic32c/lib/thumb/v7e-m+dp/hard\libc-musl.a(strlen.o)
 .debug_ranges  0x00004a48       0x10 c:/program files/microchip/xc32/v4.00/bin/bin/../../lib/gcc/pic32c/8.3.1/../../../../pic32c/lib/thumb/v7e-m+dp/hard\libc-musl.a(strchr.o)
 .debug_ranges  0x00004a58       0x10 c:/program files/microchip/xc32/v4.00/bin/bin/../../lib/gcc/pic32c/8.3.1/../../../../pic32c/lib/thumb/v7e-m+dp/hard\libc-musl.a(strchrnul.o)
 .debug_ranges  0x00004a68       0x10 c:/program files/microchip/xc32/v4.00/bin/bin/../../lib/gcc/pic32c/8.3.1/../../../../pic32c/lib/thumb/v7e-m+dp/hard\libc-musl.a(strcmp.o)
 .debug_ranges  0x00004a78       0x10 c:/program files/microchip/xc32/v4.00/bin/bin/../../lib/gcc/pic32c/8.3.1/../../../../pic32c/lib/thumb/v7e-m+dp/hard\libc-musl.a(strcpy.o)
 .debug_ranges  0x00004a88       0x10 c:/program files/microchip/xc32/v4.00/bin/bin/../../lib/gcc/pic32c/8.3.1/../../../../pic32c/lib/thumb/v7e-m+dp/hard\libc-musl.a(strncmp.o)
 .debug_ranges  0x00004a98       0x10 c:/program files/microchip/xc32/v4.00/bin/bin/../../lib/gcc/pic32c/8.3.1/../../../../pic32c/lib/thumb/v7e-m+dp/hard\libc-musl.a(strncpy.o)
 .debug_ranges  0x00004aa8       0x10 c:/program files/microchip/xc32/v4.00/bin/bin/../../lib/gcc/pic32c/8.3.1/../../../../pic32c/lib/thumb/v7e-m+dp/hard\libc-musl.a(strtok.o)
 .debug_ranges  0x00004ab8       0x28 c:/program files/microchip/xc32/v4.00/bin/bin/../../lib/gcc/pic32c/8.3.1/../../../../pic32c/lib/thumb/v7e-m+dp/hard\libc-musl.a(intscan.o)
 .debug_ranges  0x00004ae0       0x18 c:/program files/microchip/xc32/v4.00/bin/bin/../../lib/gcc/pic32c/8.3.1/../../../../pic32c/lib/thumb/v7e-m+dp/hard\libc-musl.a(shgetc.o)
 .debug_ranges  0x00004af8       0x10 c:/program files/microchip/xc32/v4.00/bin/bin/../../lib/gcc/pic32c/8.3.1/../../../../pic32c/lib/thumb/v7e-m+dp/hard\libc-musl.a(__uflow.o)
 .debug_ranges  0x00004b08       0x18 c:/program files/microchip/xc32/v4.00/bin/bin/../../lib/gcc/pic32c/8.3.1/../../../../pic32c/lib/thumb/v7e-m+dp/hard\libc-musl.a(vfprintf.o)
 .debug_ranges  0x00004b20       0x10 c:/program files/microchip/xc32/v4.00/bin/bin/../../lib/gcc/pic32c/8.3.1/../../../../pic32c/lib/thumb/v7e-m+dp/hard\libc-musl.a(stpcpy.o)
 .debug_ranges  0x00004b30       0x10 c:/program files/microchip/xc32/v4.00/bin/bin/../../lib/gcc/pic32c/8.3.1/../../../../pic32c/lib/thumb/v7e-m+dp/hard\libc-musl.a(stpncpy.o)
 .debug_ranges  0x00004b40       0x10 c:/program files/microchip/xc32/v4.00/bin/bin/../../lib/gcc/pic32c/8.3.1/../../../../pic32c/lib/thumb/v7e-m+dp/hard\libc-musl.a(strcspn.o)
 .debug_ranges  0x00004b50       0x10 c:/program files/microchip/xc32/v4.00/bin/bin/../../lib/gcc/pic32c/8.3.1/../../../../pic32c/lib/thumb/v7e-m+dp/hard\libc-musl.a(strspn.o)
 .debug_ranges  0x00004b60       0x18 c:/program files/microchip/xc32/v4.00/bin/bin/../../lib/gcc/pic32c/8.3.1/../../../../pic32c/lib/thumb/v7e-m+dp/hard\libc-musl.a(__toread.o)
 .debug_ranges  0x00004b78       0x68 c:/program files/microchip/xc32/v4.00/bin/bin/../../lib/gcc/pic32c/8.3.1/../../../../pic32c/lib/thumb/v7e-m+dp/hard\libc-musl.a(__printf_core.o)
 .debug_ranges  0x00004be0       0x10 c:/program files/microchip/xc32/v4.00/bin/bin/../../lib/gcc/pic32c/8.3.1/../../../../pic32c/lib/thumb/v7e-m+dp/hard\libc-musl.a(__fmt_a.o)
 .debug_ranges  0x00004bf0       0x10 c:/program files/microchip/xc32/v4.00/bin/bin/../../lib/gcc/pic32c/8.3.1/../../../../pic32c/lib/thumb/v7e-m+dp/hard\libc-musl.a(__fmt_d.o)
 .debug_ranges  0x00004c00       0x10 c:/program files/microchip/xc32/v4.00/bin/bin/../../lib/gcc/pic32c/8.3.1/../../../../pic32c/lib/thumb/v7e-m+dp/hard\libc-musl.a(__fmt_fp.o)
 .debug_ranges  0x00004c10       0x10 c:/program files/microchip/xc32/v4.00/bin/bin/../../lib/gcc/pic32c/8.3.1/../../../../pic32c/lib/thumb/v7e-m+dp/hard\libc-musl.a(__fmt_o.o)
 .debug_ranges  0x00004c20       0x10 c:/program files/microchip/xc32/v4.00/bin/bin/../../lib/gcc/pic32c/8.3.1/../../../../pic32c/lib/thumb/v7e-m+dp/hard\libc-musl.a(__fmt_s.o)
 .debug_ranges  0x00004c30       0x18 c:/program files/microchip/xc32/v4.00/bin/bin/../../lib/gcc/pic32c/8.3.1/../../../../pic32c/lib/thumb/v7e-m+dp/hard\libc-musl.a(__fmt_u.o)
 .debug_ranges  0x00004c48       0x10 c:/program files/microchip/xc32/v4.00/bin/bin/../../lib/gcc/pic32c/8.3.1/../../../../pic32c/lib/thumb/v7e-m+dp/hard\libc-musl.a(__fmt_x.o)
 .debug_ranges  0x00004c58       0x10 c:/program files/microchip/xc32/v4.00/bin/bin/../../lib/gcc/pic32c/8.3.1/../../../../pic32c/lib/thumb/v7e-m+dp/hard\libc-musl.a(__pop_float.o)
 .debug_ranges  0x00004c68       0x10 c:/program files/microchip/xc32/v4.00/bin/bin/../../lib/gcc/pic32c/8.3.1/../../../../pic32c/lib/thumb/v7e-m+dp/hard\libc-musl.a(__pop_int.o)